Archive member included to satisfy reference by file (symbol)

/Applications/STM32CubeIDE.app/Contents/Eclipse/plugins/com.st.stm32cube.ide.mcu.externaltools.gnu-tools-for-stm32.11.3.rel1.macos64_1.1.1.202309131626/tools/bin/../lib/gcc/arm-none-eabi/11.3.1/../../../../arm-none-eabi/lib/thumb/v7e-m+fp/hard/libc_nano.a(libc_a-atoi.o)
                              ./App/Src/VL53l0x.o (atoi)
/Applications/STM32CubeIDE.app/Contents/Eclipse/plugins/com.st.stm32cube.ide.mcu.externaltools.gnu-tools-for-stm32.11.3.rel1.macos64_1.1.1.202309131626/tools/bin/../lib/gcc/arm-none-eabi/11.3.1/../../../../arm-none-eabi/lib/thumb/v7e-m+fp/hard/libc_nano.a(libc_a-exit.o)
                              /Applications/STM32CubeIDE.app/Contents/Eclipse/plugins/com.st.stm32cube.ide.mcu.externaltools.gnu-tools-for-stm32.11.3.rel1.macos64_1.1.1.202309131626/tools/bin/../lib/gcc/arm-none-eabi/11.3.1/../../../../arm-none-eabi/lib/thumb/v7e-m+fp/hard/crt0.o (exit)
/Applications/STM32CubeIDE.app/Contents/Eclipse/plugins/com.st.stm32cube.ide.mcu.externaltools.gnu-tools-for-stm32.11.3.rel1.macos64_1.1.1.202309131626/tools/bin/../lib/gcc/arm-none-eabi/11.3.1/../../../../arm-none-eabi/lib/thumb/v7e-m+fp/hard/libc_nano.a(libc_a-nano-vfprintf_float.o)
                              (_printf_float)
/Applications/STM32CubeIDE.app/Contents/Eclipse/plugins/com.st.stm32cube.ide.mcu.externaltools.gnu-tools-for-stm32.11.3.rel1.macos64_1.1.1.202309131626/tools/bin/../lib/gcc/arm-none-eabi/11.3.1/../../../../arm-none-eabi/lib/thumb/v7e-m+fp/hard/libc_nano.a(libc_a-nano-vfprintf_i.o)
                              /Applications/STM32CubeIDE.app/Contents/Eclipse/plugins/com.st.stm32cube.ide.mcu.externaltools.gnu-tools-for-stm32.11.3.rel1.macos64_1.1.1.202309131626/tools/bin/../lib/gcc/arm-none-eabi/11.3.1/../../../../arm-none-eabi/lib/thumb/v7e-m+fp/hard/libc_nano.a(libc_a-nano-vfprintf_float.o) (_printf_common)
/Applications/STM32CubeIDE.app/Contents/Eclipse/plugins/com.st.stm32cube.ide.mcu.externaltools.gnu-tools-for-stm32.11.3.rel1.macos64_1.1.1.202309131626/tools/bin/../lib/gcc/arm-none-eabi/11.3.1/../../../../arm-none-eabi/lib/thumb/v7e-m+fp/hard/libc_nano.a(libc_a-sprintf.o)
                              ./Core/Src/main.o (sprintf)
/Applications/STM32CubeIDE.app/Contents/Eclipse/plugins/com.st.stm32cube.ide.mcu.externaltools.gnu-tools-for-stm32.11.3.rel1.macos64_1.1.1.202309131626/tools/bin/../lib/gcc/arm-none-eabi/11.3.1/../../../../arm-none-eabi/lib/thumb/v7e-m+fp/hard/libc_nano.a(libc_a-rand.o)
                              ./App/Src/Application.o (srand)
/Applications/STM32CubeIDE.app/Contents/Eclipse/plugins/com.st.stm32cube.ide.mcu.externaltools.gnu-tools-for-stm32.11.3.rel1.macos64_1.1.1.202309131626/tools/bin/../lib/gcc/arm-none-eabi/11.3.1/../../../../arm-none-eabi/lib/thumb/v7e-m+fp/hard/libc_nano.a(libc_a-findfp.o)
                              /Applications/STM32CubeIDE.app/Contents/Eclipse/plugins/com.st.stm32cube.ide.mcu.externaltools.gnu-tools-for-stm32.11.3.rel1.macos64_1.1.1.202309131626/tools/bin/../lib/gcc/arm-none-eabi/11.3.1/../../../../arm-none-eabi/lib/thumb/v7e-m+fp/hard/libc_nano.a(libc_a-exit.o) (__stdio_exit_handler)
/Applications/STM32CubeIDE.app/Contents/Eclipse/plugins/com.st.stm32cube.ide.mcu.externaltools.gnu-tools-for-stm32.11.3.rel1.macos64_1.1.1.202309131626/tools/bin/../lib/gcc/arm-none-eabi/11.3.1/../../../../arm-none-eabi/lib/thumb/v7e-m+fp/hard/libc_nano.a(libc_a-strtol.o)
                              /Applications/STM32CubeIDE.app/Contents/Eclipse/plugins/com.st.stm32cube.ide.mcu.externaltools.gnu-tools-for-stm32.11.3.rel1.macos64_1.1.1.202309131626/tools/bin/../lib/gcc/arm-none-eabi/11.3.1/../../../../arm-none-eabi/lib/thumb/v7e-m+fp/hard/libc_nano.a(libc_a-atoi.o) (_strtol_r)
/Applications/STM32CubeIDE.app/Contents/Eclipse/plugins/com.st.stm32cube.ide.mcu.externaltools.gnu-tools-for-stm32.11.3.rel1.macos64_1.1.1.202309131626/tools/bin/../lib/gcc/arm-none-eabi/11.3.1/../../../../arm-none-eabi/lib/thumb/v7e-m+fp/hard/libc_nano.a(libc_a-fwalk.o)
                              /Applications/STM32CubeIDE.app/Contents/Eclipse/plugins/com.st.stm32cube.ide.mcu.externaltools.gnu-tools-for-stm32.11.3.rel1.macos64_1.1.1.202309131626/tools/bin/../lib/gcc/arm-none-eabi/11.3.1/../../../../arm-none-eabi/lib/thumb/v7e-m+fp/hard/libc_nano.a(libc_a-findfp.o) (_fwalk_sglue)
/Applications/STM32CubeIDE.app/Contents/Eclipse/plugins/com.st.stm32cube.ide.mcu.externaltools.gnu-tools-for-stm32.11.3.rel1.macos64_1.1.1.202309131626/tools/bin/../lib/gcc/arm-none-eabi/11.3.1/../../../../arm-none-eabi/lib/thumb/v7e-m+fp/hard/libc_nano.a(libc_a-memset.o)
                              /Applications/STM32CubeIDE.app/Contents/Eclipse/plugins/com.st.stm32cube.ide.mcu.externaltools.gnu-tools-for-stm32.11.3.rel1.macos64_1.1.1.202309131626/tools/bin/../lib/gcc/arm-none-eabi/11.3.1/../../../../arm-none-eabi/lib/thumb/v7e-m+fp/hard/crt0.o (memset)
[...]
Memory Configuration

Name             Origin             Length             Attributes
RAM              0x0000000020000000 0x0000000000020000 xrw
FLASH            0x0000000008000000 0x0000000000080000 xr
*default*        0x0000000000000000 0xffffffffffffffff

Linker script and memory map

LOAD /Applications/STM32CubeIDE.app/Contents/Eclipse/plugins/com.st.stm32cube.ide.mcu.externaltools.gnu-tools-for-stm32.11.3.rel1.macos64_1.1.1.202309131626/tools/bin/../lib/gcc/arm-none-eabi/11.3.1/thumb/v7e-m+fp/hard/crti.o
LOAD /Applications/STM32CubeIDE.app/Contents/Eclipse/plugins/com.st.stm32cube.ide.mcu.externaltools.gnu-tools-for-stm32.11.3.rel1.macos64_1.1.1.202309131626/tools/bin/../lib/gcc/arm-none-eabi/11.3.1/thumb/v7e-m+fp/hard/crtbegin.o
LOAD /Applications/STM32CubeIDE.app/Contents/Eclipse/plugins/com.st.stm32cube.ide.mcu.externaltools.gnu-tools-for-stm32.11.3.rel1.macos64_1.1.1.202309131626/tools/bin/../lib/gcc/arm-none-eabi/11.3.1/../../../../arm-none-eabi/lib/thumb/v7e-m+fp/hard/crt0.o
LOAD ./App/Src/Address.o
LOAD ./App/Src/Application.o
LOAD ./App/Src/Audio.o
LOAD ./App/Src/I2CDevices.o
LOAD ./App/Src/Interaction.o
LOAD ./App/Src/IrTsop.o
LOAD ./App/Src/QRE.o
LOAD ./App/Src/VL53l0x.o
LOAD ./App/Src/WS2812.o
LOAD ./App/Src/Wheel.o
LOAD ./Core/Src/main.o
LOAD ./Core/Src/stm32f4xx_hal_msp.o
LOAD ./Core/Src/stm32f4xx_it.o
LOAD ./Core/Src/syscalls.o
LOAD ./Core/Src/sysmem.o
LOAD ./Core/Src/system_stm32f4xx.o
LOAD ./Core/Startup/startup_stm32f446vetx.o
LOAD ./Drivers/STM32F4xx_HAL_Driver/Src/stm32f4xx_hal.o
LOAD ./Drivers/STM32F4xx_HAL_Driver/Src/stm32f4xx_hal_adc.o
LOAD ./Drivers/STM32F4xx_HAL_Driver/Src/stm32f4xx_hal_adc_ex.o
LOAD ./Drivers/STM32F4xx_HAL_Driver/Src/stm32f4xx_hal_cortex.o
LOAD ./Drivers/STM32F4xx_HAL_Driver/Src/stm32f4xx_hal_dma.o
LOAD ./Drivers/STM32F4xx_HAL_Driver/Src/stm32f4xx_hal_dma_ex.o
LOAD ./Drivers/STM32F4xx_HAL_Driver/Src/stm32f4xx_hal_exti.o
LOAD ./Drivers/STM32F4xx_HAL_Driver/Src/stm32f4xx_hal_flash.o
LOAD ./Drivers/STM32F4xx_HAL_Driver/Src/stm32f4xx_hal_flash_ex.o
LOAD ./Drivers/STM32F4xx_HAL_Driver/Src/stm32f4xx_hal_flash_ramfunc.o
LOAD ./Drivers/STM32F4xx_HAL_Driver/Src/stm32f4xx_hal_gpio.o
LOAD ./Drivers/STM32F4xx_HAL_Driver/Src/stm32f4xx_hal_i2c.o
LOAD ./Drivers/STM32F4xx_HAL_Driver/Src/stm32f4xx_hal_i2c_ex.o
LOAD ./Drivers/STM32F4xx_HAL_Driver/Src/stm32f4xx_hal_pwr.o
LOAD ./Drivers/STM32F4xx_HAL_Driver/Src/stm32f4xx_hal_pwr_ex.o
LOAD ./Drivers/STM32F4xx_HAL_Driver/Src/stm32f4xx_hal_rcc.o
LOAD ./Drivers/STM32F4xx_HAL_Driver/Src/stm32f4xx_hal_rcc_ex.o
LOAD ./Drivers/STM32F4xx_HAL_Driver/Src/stm32f4xx_hal_tim.o
LOAD ./Drivers/STM32F4xx_HAL_Driver/Src/stm32f4xx_hal_tim_ex.o
LOAD ./Drivers/STM32F4xx_HAL_Driver/Src/stm32f4xx_hal_uart.o
LOAD ./Drivers/STM32F4xx_HAL_Driver/Src/stm32f4xx_ll_adc.o
START GROUP
LOAD /Applications/STM32CubeIDE.app/Contents/Eclipse/plugins/com.st.stm32cube.ide.mcu.externaltools.gnu-tools-for-stm32.11.3.rel1.macos64_1.1.1.202309131626/tools/bin/../lib/gcc/arm-none-eabi/11.3.1/../../../../arm-none-eabi/lib/thumb/v7e-m+fp/hard/libc_nano.a
LOAD /Applications/STM32CubeIDE.app/Contents/Eclipse/plugins/com.st.stm32cube.ide.mcu.externaltools.gnu-tools-for-stm32.11.3.rel1.macos64_1.1.1.202309131626/tools/bin/../lib/gcc/arm-none-eabi/11.3.1/../../../../arm-none-eabi/lib/thumb/v7e-m+fp/hard/libm.a
END GROUP
START GROUP
LOAD /Applications/STM32CubeIDE.app/Contents/Eclipse/plugins/com.st.stm32cube.ide.mcu.externaltools.gnu-tools-for-stm32.11.3.rel1.macos64_1.1.1.202309131626/tools/bin/../lib/gcc/arm-none-eabi/11.3.1/thumb/v7e-m+fp/hard/libgcc.a
LOAD /Applications/STM32CubeIDE.app/Contents/Eclipse/plugins/com.st.stm32cube.ide.mcu.externaltools.gnu-tools-for-stm32.11.3.rel1.macos64_1.1.1.202309131626/tools/bin/../lib/gcc/arm-none-eabi/11.3.1/../../../../arm-none-eabi/lib/thumb/v7e-m+fp/hard/libc_nano.a
END GROUP
START GROUP
LOAD /Applications/STM32CubeIDE.app/Contents/Eclipse/plugins/com.st.stm32cube.ide.mcu.externaltools.gnu-tools-for-stm32.11.3.rel1.macos64_1.1.1.202309131626/tools/bin/../lib/gcc/arm-none-eabi/11.3.1/thumb/v7e-m+fp/hard/libgcc.a
LOAD /Applications/STM32CubeIDE.app/Contents/Eclipse/plugins/com.st.stm32cube.ide.mcu.externaltools.gnu-tools-for-stm32.11.3.rel1.macos64_1.1.1.202309131626/tools/bin/../lib/gcc/arm-none-eabi/11.3.1/../../../../arm-none-eabi/lib/thumb/v7e-m+fp/hard/libc_nano.a
LOAD /Applications/STM32CubeIDE.app/Contents/Eclipse/plugins/com.st.stm32cube.ide.mcu.externaltools.gnu-tools-for-stm32.11.3.rel1.macos64_1.1.1.202309131626/tools/bin/../lib/gcc/arm-none-eabi/11.3.1/../../../../arm-none-eabi/lib/thumb/v7e-m+fp/hard/libnosys.a
END GROUP
START GROUP
LOAD /Applications/STM32CubeIDE.app/Contents/Eclipse/plugins/com.st.stm32cube.ide.mcu.externaltools.gnu-tools-for-stm32.11.3.rel1.macos64_1.1.1.202309131626/tools/bin/../lib/gcc/arm-none-eabi/11.3.1/thumb/v7e-m+fp/hard/libgcc.a
LOAD /Applications/STM32CubeIDE.app/Contents/Eclipse/plugins/com.st.stm32cube.ide.mcu.externaltools.gnu-tools-for-stm32.11.3.rel1.macos64_1.1.1.202309131626/tools/bin/../lib/gcc/arm-none-eabi/11.3.1/../../../../arm-none-eabi/lib/thumb/v7e-m+fp/hard/libc_nano.a
LOAD /Applications/STM32CubeIDE.app/Contents/Eclipse/plugins/com.st.stm32cube.ide.mcu.externaltools.gnu-tools-for-stm32.11.3.rel1.macos64_1.1.1.202309131626/tools/bin/../lib/gcc/arm-none-eabi/11.3.1/../../../../arm-none-eabi/lib/thumb/v7e-m+fp/hard/libnosys.a
END GROUP
LOAD /Applications/STM32CubeIDE.app/Contents/Eclipse/plugins/com.st.stm32cube.ide.mcu.externaltools.gnu-tools-for-stm32.11.3.rel1.macos64_1.1.1.202309131626/tools/bin/../lib/gcc/arm-none-eabi/11.3.1/thumb/v7e-m+fp/hard/crtend.o
LOAD /Applications/STM32CubeIDE.app/Contents/Eclipse/plugins/com.st.stm32cube.ide.mcu.externaltools.gnu-tools-for-stm32.11.3.rel1.macos64_1.1.1.202309131626/tools/bin/../lib/gcc/arm-none-eabi/11.3.1/thumb/v7e-m+fp/hard/crtn.o
                0x0000000020020000                _estack = (ORIGIN (RAM) + LENGTH (RAM))
                0x0000000000000200                _Min_Heap_Size = 0x200
                0x0000000000000400                _Min_Stack_Size = 0x400

.isr_vector     0x0000000008000000      0x1c4
                0x0000000008000000                . = ALIGN (0x4)
 *(.isr_vector)
 .isr_vector    0x0000000008000000      0x1c4 ./Core/Startup/startup_stm32f446vetx.o
                0x0000000008000000                g_pfnVectors
                0x00000000080001c4                . = ALIGN (0x4)

.text           0x00000000080001d0    0x15674
                0x00000000080001d0                . = ALIGN (0x4)
 *(.text)
 .text          0x00000000080001d0       0x40 /Applications/STM32CubeIDE.app/Contents/Eclipse/plugins/com.st.stm32cube.ide.mcu.externaltools.gnu-tools-for-stm32.11.3.rel1.macos64_1.1.1.202309131626/tools/bin/../lib/gcc/arm-none-eabi/11.3.1/thumb/v7e-m+fp/hard/crtbegin.o
 .text          0x0000000008000210       0xa0 /Applications/STM32CubeIDE.app/Contents/Eclipse/plugins/com.st.stm32cube.ide.mcu.externaltools.gnu-tools-for-stm32.11.3.rel1.macos64_1.1.1.202309131626/tools/bin/../lib/gcc/arm-none-eabi/11.3.1/../../../../arm-none-eabi/lib/thumb/v7e-m+fp/hard/libc_nano.a(libc_a-memchr.o)
                0x0000000008000210                memchr
 .text          0x00000000080002b0       0x10 /Applications/STM32CubeIDE.app/Contents/Eclipse/plugins/com.st.stm32cube.ide.mcu.externaltools.gnu-tools-for-stm32.11.3.rel1.macos64_1.1.1.202309131626/tools/bin/../lib/gcc/arm-none-eabi/11.3.1/../../../../arm-none-eabi/lib/thumb/v7e-m+fp/hard/libc_nano.a(libc_a-strlen.o)
                0x00000000080002b0                strlen
 .text          0x00000000080002c0      0x378 /Applications/STM32CubeIDE.app/Contents/Eclipse/plugins/com.st.stm32cube.ide.mcu.externaltools.gnu-tools-for-stm32.11.3.rel1.macos64_1.1.1.202309131626/tools/bin/../lib/gcc/arm-none-eabi/11.3.1/thumb/v7e-m+fp/hard/libgcc.a(_arm_addsubdf3.o)
                0x00000000080002c0                __aeabi_drsub
                0x00000000080002c8                __subdf3
                0x00000000080002c8                __aeabi_dsub
                0x00000000080002cc                __aeabi_dadd
                0x00000000080002cc                __adddf3
                0x0000000008000544                __aeabi_ui2d
                0x0000000008000544                __floatunsidf
                0x0000000008000564                __floatsidf
                0x0000000008000564                __aeabi_i2d
                0x0000000008000588                __extendsfdf2
                0x0000000008000588                __aeabi_f2d
                0x00000000080005cc                __aeabi_ul2d
                0x00000000080005cc                __floatundidf
                0x00000000080005dc                __aeabi_l2d
                0x00000000080005dc                __floatdidf
 .text          0x0000000008000638      0x424 /Applications/STM32CubeIDE.app/Contents/Eclipse/plugins/com.st.stm32cube.ide.mcu.externaltools.gnu-tools-for-stm32.11.3.rel1.macos64_1.1.1.202309131626/tools/bin/../lib/gcc/arm-none-eabi/11.3.1/thumb/v7e-m+fp/hard/libgcc.a(_arm_muldivdf3.o)
                0x0000000008000638                __aeabi_dmul
                0x0000000008000638                __muldf3
                0x000000000800088c                __aeabi_ddiv
                0x000000000800088c                __divdf3
 .text          0x0000000008000a5c      0x110 /Applications/STM32CubeIDE.app/Contents/Eclipse/plugins/com.st.stm32cube.ide.mcu.externaltools.gnu-tools-for-stm32.11.3.rel1.macos64_1.1.1.202309131626/tools/bin/../lib/gcc/arm-none-eabi/11.3.1/thumb/v7e-m+fp/hard/libgcc.a(_arm_cmpdf2.o)
                0x0000000008000a5c                __gedf2
                0x0000000008000a5c                __gtdf2
                0x0000000008000a64                __ledf2
                0x0000000008000a64                __ltdf2
                0x0000000008000a6c                __cmpdf2
                0x0000000008000a6c                __eqdf2
                0x0000000008000a6c                __nedf2
                0x0000000008000ae8                __aeabi_cdrcmple
                0x0000000008000af8                __aeabi_cdcmple
                0x0000000008000af8                __aeabi_cdcmpeq
                0x0000000008000b08                __aeabi_dcmpeq
                0x0000000008000b1c                __aeabi_dcmplt
                0x0000000008000b30                __aeabi_dcmple
                0x0000000008000b44                __aeabi_dcmpge
                0x0000000008000b58                __aeabi_dcmpgt
 .text          0x0000000008000b6c       0x2c /Applications/STM32CubeIDE.app/Contents/Eclipse/plugins/com.st.stm32cube.ide.mcu.externaltools.gnu-tools-for-stm32.11.3.rel1.macos64_1.1.1.202309131626/tools/bin/../lib/gcc/arm-none-eabi/11.3.1/thumb/v7e-m+fp/hard/libgcc.a(_arm_unorddf2.o)
                0x0000000008000b6c                __aeabi_dcmpun
                0x0000000008000b6c                __unorddf2
 .text          0x0000000008000b98       0x50 /Applications/STM32CubeIDE.app/Contents/Eclipse/plugins/com.st.stm32cube.ide.mcu.externaltools.gnu-tools-for-stm32.11.3.rel1.macos64_1.1.1.202309131626/tools/bin/../lib/gcc/arm-none-eabi/11.3.1/thumb/v7e-m+fp/hard/libgcc.a(_arm_fixdfsi.o)
                0x0000000008000b98                __fixdfsi
                0x0000000008000b98                __aeabi_d2iz
 .text          0x0000000008000be8       0x40 /Applications/STM32CubeIDE.app/Contents/Eclipse/plugins/com.st.stm32cube.ide.mcu.externaltools.gnu-tools-for-stm32.11.3.rel1.macos64_1.1.1.202309131626/tools/bin/../lib/gcc/arm-none-eabi/11.3.1/thumb/v7e-m+fp/hard/libgcc.a(_arm_fixunsdfsi.o)
                0x0000000008000be8                __fixunsdfsi
                0x0000000008000be8                __aeabi_d2uiz
 .text          0x0000000008000c28       0x30 /Applications/STM32CubeIDE.app/Contents/Eclipse/plugins/com.st.stm32cube.ide.mcu.externaltools.gnu-tools-for-stm32.11.3.rel1.macos64_1.1.1.202309131626/tools/bin/../lib/gcc/arm-none-eabi/11.3.1/thumb/v7e-m+fp/hard/libgcc.a(_aeabi_uldivmod.o)
                0x0000000008000c28                __aeabi_uldivmod
 .text          0x0000000008000c58      0x2c8 /Applications/STM32CubeIDE.app/Contents/Eclipse/plugins/com.st.stm32cube.ide.mcu.externaltools.gnu-tools-for-stm32.11.3.rel1.macos64_1.1.1.202309131626/tools/bin/../lib/gcc/arm-none-eabi/11.3.1/thumb/v7e-m+fp/hard/libgcc.a(_udivmoddi4.o)
                0x0000000008000c58                __udivmoddi4
 .text          0x0000000008000f20        0x4 /Applications/STM32CubeIDE.app/Contents/Eclipse/plugins/com.st.stm32cube.ide.mcu.externaltools.gnu-tools-for-stm32.11.3.rel1.macos64_1.1.1.202309131626/tools/bin/../lib/gcc/arm-none-eabi/11.3.1/thumb/v7e-m+fp/hard/libgcc.a(_dvmd_tls.o)
                0x0000000008000f20                __aeabi_ldiv0
                0x0000000008000f20                __aeabi_idiv0
 *(.text*)
 .text.AddressInit
                0x0000000008000f24       0x18 ./App/Src/Address.o
                0x0000000008000f24                AddressInit
 .text.AddressMainLoop
                0x0000000008000f3c      0x100 ./App/Src/Address.o
                0x0000000008000f3c                AddressMainLoop
 .text.AddressTimer1KHZISR
                0x000000000800103c        0xe ./App/Src/Address.o
                0x000000000800103c                AddressTimer1KHZISR
 *fill*         0x000000000800104a        0x2 
 .text.InteractionNewResultAvailableCallback
                0x000000000800104c       0x80 ./App/Src/Application.o
                0x000000000800104c                InteractionNewResultAvailableCallback
 .text.WheelRobotCommandEndCallback
                0x00000000080010cc       0x20 ./App/Src/Application.o
                0x00000000080010cc                WheelRobotCommandEndCallback
 .text.ApplicationInit
                0x00000000080010ec       0xcc ./App/Src/Application.o
                0x00000000080010ec                ApplicationInit
 .text.ApplicationMainLoop
                0x00000000080011b8      0x810 ./App/Src/Application.o
                0x00000000080011b8                ApplicationMainLoop
 .text.ApplicationTimer1KHZISR
                0x00000000080019c8       0x20 ./App/Src/Application.o
                0x00000000080019c8                ApplicationTimer1KHZISR
 .text.ApplicationDebugRXChar
                0x00000000080019e8       0x16 ./App/Src/Application.o
                0x00000000080019e8                ApplicationDebugRXChar
 *fill*         0x00000000080019fe        0x2 
 .text.AudioPlayPartiture
                0x0000000008001a00       0x5c ./App/Src/Audio.o
                0x0000000008001a00                AudioPlayPartiture
 .text.AudioInit
                0x0000000008001a5c       0x28 ./App/Src/Audio.o
                0x0000000008001a5c                AudioInit
 .text.AudioMainLoop
                0x0000000008001a84       0x44 ./App/Src/Audio.o
                0x0000000008001a84                AudioMainLoop
 .text.AudioTimer1KHZISR
                0x0000000008001ac8        0xc ./App/Src/Audio.o
                0x0000000008001ac8                AudioTimer1KHZISR
 .text.AudioOff
                0x0000000008001ad4       0x20 ./App/Src/Audio.o
 .text.AudioOn  0x0000000008001af4       0x20 ./App/Src/Audio.o
 .text.LoadPartiture
                0x0000000008001b14       0xcc ./App/Src/Audio.o
 .text.PlayPartitureTimer1KHZISR
                0x0000000008001be0      0x154 ./App/Src/Audio.o
 .text.I2CVEML3328DataAvailableCallback
                0x0000000008001d34       0x16 ./App/Src/I2CDevices.o
                0x0000000008001d34                I2CVEML3328DataAvailableCallback
 .text.I2CVEML3328BothDataAvailableCallback
                0x0000000008001d4a        0xe ./App/Src/I2CDevices.o
                0x0000000008001d4a                I2CVEML3328BothDataAvailableCallback
 .text.I2CEEPROMReadIS
                0x0000000008001d58       0x58 ./App/Src/I2CDevices.o
                0x0000000008001d58                I2CEEPROMReadIS
 .text.I2CEEPROMWriteIS
                0x0000000008001db0       0x58 ./App/Src/I2CDevices.o
                0x0000000008001db0                I2CEEPROMWriteIS
 .text.I2CEEPROMChekListStatusML
                0x0000000008001e08       0x18 ./App/Src/I2CDevices.o
                0x0000000008001e08                I2CEEPROMChekListStatusML
 .text.I2CEEPROMReadWriteListML
                0x0000000008001e20       0x98 ./App/Src/I2CDevices.o
                0x0000000008001e20                I2CEEPROMReadWriteListML
 .text.I2CTSL25911DataAvailableCallback
                0x0000000008001eb8       0x1e ./App/Src/I2CDevices.o
                0x0000000008001eb8                I2CTSL25911DataAvailableCallback
 .text.I2CErrorCallback
                0x0000000008001ed6       0x16 ./App/Src/I2CDevices.o
                0x0000000008001ed6                I2CErrorCallback
 .text.I2CDevicesInit
                0x0000000008001eec       0x60 ./App/Src/I2CDevices.o
                0x0000000008001eec                I2CDevicesInit
 .text.I2CDevicesMainLoop
                0x0000000008001f4c      0x140 ./App/Src/I2CDevices.o
                0x0000000008001f4c                I2CDevicesMainLoop
 .text.I2CDevicesTimer1KHZISR
                0x000000000800208c       0x98 ./App/Src/I2CDevices.o
                0x000000000800208c                I2CDevicesTimer1KHZISR
 .text.HAL_I2C_MemTxCpltCallback
                0x0000000008002124       0x60 ./App/Src/I2CDevices.o
                0x0000000008002124                HAL_I2C_MemTxCpltCallback
 .text.HAL_I2C_MemRxCpltCallback
                0x0000000008002184       0x9c ./App/Src/I2CDevices.o
                0x0000000008002184                HAL_I2C_MemRxCpltCallback
 .text.HandleVEML3328Loop
                0x0000000008002220      0x588 ./App/Src/I2CDevices.o
 .text.VEML3328ErrorDetected
                0x00000000080027a8       0x80 ./App/Src/I2CDevices.o
 .text.StoreVEML3328Result
                0x0000000008002828       0x98 ./App/Src/I2CDevices.o
 .text.VEML3328RightTimeout100HZ
                0x00000000080028c0       0x50 ./App/Src/I2CDevices.o
 .text.VEML3328LeftTimeout100HZ
                0x0000000008002910       0x50 ./App/Src/I2CDevices.o
 .text.EEPROMInitialization
                0x0000000008002960       0x1c ./App/Src/I2CDevices.o
 .text.EEPROMMainLoop
                0x000000000800297c      0x14c ./App/Src/I2CDevices.o
 .text.EEPROM32To8
                0x0000000008002ac8       0x42 ./App/Src/I2CDevices.o
 .text.EEPROM8To32
                0x0000000008002b0a       0x70 ./App/Src/I2CDevices.o
 *fill*         0x0000000008002b7a        0x2 
 .text.EEPROMWriteDelay
                0x0000000008002b7c       0x28 ./App/Src/I2CDevices.o
 .text.EEPROMTimer1KHZISR
                0x0000000008002ba4       0x2c ./App/Src/I2CDevices.o
 .text.TSL25911Init
                0x0000000008002bd0       0x48 ./App/Src/I2CDevices.o
 .text.TSL25911MainLoop
                0x0000000008002c18      0x358 ./App/Src/I2CDevices.o
 .text.TSL25911Timer1KHZISR
                0x0000000008002f70       0x48 ./App/Src/I2CDevices.o
 .text.I2CErrorChecker
                0x0000000008002fb8       0xb4 ./App/Src/I2CDevices.o
 .text.I2CErrorTimer100HZ
                0x000000000800306c       0x34 ./App/Src/I2CDevices.o
 .text.InteractionTurnIRPatternGenerationONorOFF
                0x00000000080030a0       0x38 ./App/Src/Interaction.o
                0x00000000080030a0                InteractionTurnIRPatternGenerationONorOFF
 .text.InteractionInit
                0x00000000080030d8       0x4c ./App/Src/Interaction.o
                0x00000000080030d8                InteractionInit
 .text.InteractionMainLoop
                0x0000000008003124       0x74 ./App/Src/Interaction.o
                0x0000000008003124                InteractionMainLoop
 .text.InteractionTimer1KHZISR
                0x0000000008003198       0x10 ./App/Src/Interaction.o
                0x0000000008003198                InteractionTimer1KHZISR
 .text.InteractionTimer10KHZISR
                0x00000000080031a8        0xc ./App/Src/Interaction.o
                0x00000000080031a8                InteractionTimer10KHZISR
 .text.InteractionADC1DMACallback
                0x00000000080031b4        0xc ./App/Src/Interaction.o
                0x00000000080031b4                InteractionADC1DMACallback
 .text.InteractionCH0Callback
                0x00000000080031c0        0xe ./App/Src/Interaction.o
                0x00000000080031c0                InteractionCH0Callback
 .text.InteractionCH1Callback
                0x00000000080031ce        0xe ./App/Src/Interaction.o
                0x00000000080031ce                InteractionCH1Callback
 .text.InteractionCH2Callback
                0x00000000080031dc        0xe ./App/Src/Interaction.o
                0x00000000080031dc                InteractionCH2Callback
 .text.InteractionCH3Callback
                0x00000000080031ea        0xe ./App/Src/Interaction.o
                0x00000000080031ea                InteractionCH3Callback
 .text.InteractionCH4Callback
                0x00000000080031f8        0xe ./App/Src/Interaction.o
                0x00000000080031f8                InteractionCH4Callback
 .text.InteractionCH5Callback
                0x0000000008003206        0xe ./App/Src/Interaction.o
                0x0000000008003206                InteractionCH5Callback
 .text.UsedInThe10KHZISR
                0x0000000008003214       0x70 ./App/Src/Interaction.o
 .text.GenerateIRPattern
                0x0000000008003284       0xcc ./App/Src/Interaction.o
 .text.TriggerDataAcquisition
                0x0000000008003350       0x3c ./App/Src/Interaction.o
 .text.UsedInTheDMAISR
                0x000000000800338c      0x7b0 ./App/Src/Interaction.o
 .text.UsedInTheMainLoop
                0x0000000008003b3c      0x248 ./App/Src/Interaction.o
 .text.SpikeFilterInitialization
                0x0000000008003d84        0xe ./App/Src/Interaction.o
 .text.MovingAverageFilterInitialization
                0x0000000008003d92        0xe ./App/Src/Interaction.o
 .text.MovingAverageFilterMain
                0x0000000008003da0      0x1c0 ./App/Src/Interaction.o
 .text.BaseLineInitialization
                0x0000000008003f60      0x158 ./App/Src/Interaction.o
 .text.BaselineCalibrationMain
                0x00000000080040b8      0x2e0 ./App/Src/Interaction.o
 .text.BaseLineTimer1KHZ
                0x0000000008004398       0x34 ./App/Src/Interaction.o
 .text.BaseLineDataReset
                0x00000000080043cc       0xa4 ./App/Src/Interaction.o
 .text.SensitivityInitialization
                0x0000000008004470      0x2bc ./App/Src/Interaction.o
 *fill*         0x000000000800472c        0x4 
 .text.InteractionResultCalculationMain
                0x0000000008004730      0x318 ./App/Src/Interaction.o
 .text.EEPROMInitialization
                0x0000000008004a48       0x1c ./App/Src/Interaction.o
 .text.EEPROMMainLoop
                0x0000000008004a64      0x638 ./App/Src/Interaction.o
 .text.EEPROMDoneCallback
                0x000000000800509c       0x18 ./App/Src/Interaction.o
 .text.IDPatternInitialization
                0x00000000080050b4       0x1c ./App/Src/Interaction.o
 .text.IDPatternMainLoop
                0x00000000080050d0       0xa0 ./App/Src/Interaction.o
 .text.IDPatternAddressUpdate
                0x0000000008005170       0x98 ./App/Src/Interaction.o
 .text.IDPatternTimer1KHZISR
                0x0000000008005208       0xe0 ./App/Src/Interaction.o
 .text.IDPatternChannelISR
                0x00000000080052e8      0x328 ./App/Src/Interaction.o
 .text.IDPatternResetChannel
                0x0000000008005610       0x6c ./App/Src/Interaction.o
 .text.IrTsopMessageReceivedCallback
                0x000000000800567c        0xe ./App/Src/IrTsop.o
                0x000000000800567c                IrTsopMessageReceivedCallback
 *fill*         0x000000000800568a        0x2 
 .text.IrTsopInit
                0x000000000800568c       0x4c ./App/Src/IrTsop.o
                0x000000000800568c                IrTsopInit
 .text.IrTsopMainLoop
                0x00000000080056d8       0x30 ./App/Src/IrTsop.o
                0x00000000080056d8                IrTsopMainLoop
 .text.IrTsopTimer1KHZISR
                0x0000000008005708        0xe ./App/Src/IrTsop.o
                0x0000000008005708                IrTsopTimer1KHZISR
 *fill*         0x0000000008005716        0x2 
 .text.IrTsopTimer10KHZISR
                0x0000000008005718       0x50 ./App/Src/IrTsop.o
                0x0000000008005718                IrTsopTimer10KHZISR
 .text.IrTsopCallback
                0x0000000008005768      0x118 ./App/Src/IrTsop.o
                0x0000000008005768                IrTsopCallback
 .text.IrRxInit
                0x0000000008005880       0x10 ./App/Src/IrTsop.o
 .text.IrRxClearReceivedMessage
                0x0000000008005890       0x54 ./App/Src/IrTsop.o
 .text.IrRxResetRxStructure
                0x00000000080058e4       0x48 ./App/Src/IrTsop.o
 .text.IrRxCollectPulses
                0x000000000800592c       0xf8 ./App/Src/IrTsop.o
 .text.IrRxMainLoop
                0x0000000008005a24       0x68 ./App/Src/IrTsop.o
 .text.IrRxDecodeReceivedMessage
                0x0000000008005a8c      0x120 ./App/Src/IrTsop.o
 .text.IrLEDOff
                0x0000000008005bac       0x20 ./App/Src/IrTsop.o
 .text.IrLEDOn  0x0000000008005bcc       0x20 ./App/Src/IrTsop.o
 .text.IRTxResetTransmission
                0x0000000008005bec       0x58 ./App/Src/IrTsop.o
 .text.IrTxGetNextSymbor
                0x0000000008005c44       0x8c ./App/Src/IrTsop.o
 .text.QREResultCallback
                0x0000000008005cd0       0x18 ./App/Src/QRE.o
                0x0000000008005cd0                QREResultCallback
 .text.QREEndOffsetCalibration
                0x0000000008005ce8       0x98 ./App/Src/QRE.o
                0x0000000008005ce8                QREEndOffsetCalibration
 .text.QREInit  0x0000000008005d80       0x20 ./App/Src/QRE.o
                0x0000000008005d80                QREInit
 .text.QREMainLoop
                0x0000000008005da0       0x64 ./App/Src/QRE.o
                0x0000000008005da0                QREMainLoop
 .text.QRETimer1KHZISR
                0x0000000008005e04       0x10 ./App/Src/QRE.o
                0x0000000008005e04                QRETimer1KHZISR
 .text.QREADC2DMACallback
                0x0000000008005e14        0xc ./App/Src/QRE.o
                0x0000000008005e14                QREADC2DMACallback
 .text.CalledFromTimer1KHZISR
                0x0000000008005e20       0xec ./App/Src/QRE.o
 .text.CalledFromADCDMAISR
                0x0000000008005f0c       0xb0 ./App/Src/QRE.o
 .text.CalledFromMainLoop
                0x0000000008005fbc      0x128 ./App/Src/QRE.o
 .text.OffsetCalibrationMainLoop
                0x00000000080060e4       0xf0 ./App/Src/QRE.o
 .text.OffsetCalibrationTimer1KHZISR
                0x00000000080061d4       0x34 ./App/Src/QRE.o
 .text.VL53l0xReslutCallback
                0x0000000008006208       0x16 ./App/Src/VL53l0x.o
                0x0000000008006208                VL53l0xReslutCallback
 *fill*         0x000000000800621e        0x2 
 .text.VL53l0xInit
                0x0000000008006220       0x1c ./App/Src/VL53l0x.o
                0x0000000008006220                VL53l0xInit
 .text.VL53l0xMainLoop
                0x000000000800623c       0x94 ./App/Src/VL53l0x.o
                0x000000000800623c                VL53l0xMainLoop
 .text.VL53l0xTimer1KHZISR
                0x00000000080062d0       0x48 ./App/Src/VL53l0x.o
                0x00000000080062d0                VL53l0xTimer1KHZISR
 .text.VL53l0xRXComplete
                0x0000000008006318       0x28 ./App/Src/VL53l0x.o
                0x0000000008006318                VL53l0xRXComplete
 .text.RXConcatenate
                0x0000000008006340       0x8c ./App/Src/VL53l0x.o
 .text.RXDecodeData
                0x00000000080063cc       0x70 ./App/Src/VL53l0x.o
 .text.RXReset  0x000000000800643c       0x3c ./App/Src/VL53l0x.o
 .text.WS2812SetDisplay
                0x0000000008006478      0x17c ./App/Src/WS2812.o
                0x0000000008006478                WS2812SetDisplay
 .text.WS2812ShowDisplay
                0x00000000080065f4       0x50 ./App/Src/WS2812.o
                0x00000000080065f4                WS2812ShowDisplay
 .text.WS2812EmptyDisplay
                0x0000000008006644       0x46 ./App/Src/WS2812.o
                0x0000000008006644                WS2812EmptyDisplay
 *fill*         0x000000000800668a        0x2 
 .text.WS2812Init
                0x000000000800668c       0x5c ./App/Src/WS2812.o
                0x000000000800668c                WS2812Init
 .text.WS2812MainLoop
                0x00000000080066e8      0x170 ./App/Src/WS2812.o
                0x00000000080066e8                WS2812MainLoop
 .text.WS2812Timer1KHZISR
                0x0000000008006858       0x44 ./App/Src/WS2812.o
                0x0000000008006858                WS2812Timer1KHZISR
 .text.HAL_TIM_PWM_PulseFinishedCallback
                0x000000000800689c       0x24 ./App/Src/WS2812.o
                0x000000000800689c                HAL_TIM_PWM_PulseFinishedCallback
 .text.SendWS2812Data
                0x00000000080068c0       0xc8 ./App/Src/WS2812.o
 .text.AnimationSwitchONInit
                0x0000000008006988       0x4c ./App/Src/WS2812.o
 .text.AnimationSwitchONLoop
                0x00000000080069d4       0xf8 ./App/Src/WS2812.o
 .text.AnimationSwitchONTimer1KHZ
                0x0000000008006acc       0x38 ./App/Src/WS2812.o
 .text.AnimationSwitchOFFInit
                0x0000000008006b04       0x48 ./App/Src/WS2812.o
 .text.AnimationSwitchOFFLoop
                0x0000000008006b4c       0xfc ./App/Src/WS2812.o
 .text.AnimationSwitchOFFTimer1KHZ
                0x0000000008006c48       0x38 ./App/Src/WS2812.o
 .text.Animation1Init
                0x0000000008006c80       0x4c ./App/Src/WS2812.o
 .text.Animation1Loop
                0x0000000008006ccc       0xfc ./App/Src/WS2812.o
 .text.Animation1Timer1KHZ
                0x0000000008006dc8       0x38 ./App/Src/WS2812.o
 .text.Animation2Init
                0x0000000008006e00       0x4c ./App/Src/WS2812.o
 .text.Animation2Loop
                0x0000000008006e4c       0xfc ./App/Src/WS2812.o
 .text.Animation2Timer1KHZ
                0x0000000008006f48       0x38 ./App/Src/WS2812.o
 .text.Animation3Init
                0x0000000008006f80       0x4c ./App/Src/WS2812.o
 .text.Animation3Loop
                0x0000000008006fcc       0xfc ./App/Src/WS2812.o
 .text.Animation3Timer1KHZ
                0x00000000080070c8       0x38 ./App/Src/WS2812.o
 .text.Animation4Init
                0x0000000008007100       0x4c ./App/Src/WS2812.o
 .text.Animation4Loop
                0x000000000800714c       0xfc ./App/Src/WS2812.o
 .text.Animation4Timer1KHZ
                0x0000000008007248       0x38 ./App/Src/WS2812.o
 .text.Animation5Init
                0x0000000008007280       0x4c ./App/Src/WS2812.o
 .text.Animation5Loop
                0x00000000080072cc       0xfc ./App/Src/WS2812.o
 .text.Animation5Timer1KHZ
                0x00000000080073c8       0x38 ./App/Src/WS2812.o
 .text.Animation6Init
                0x0000000008007400       0x4c ./App/Src/WS2812.o
 .text.Animation6Loop
                0x000000000800744c       0xfc ./App/Src/WS2812.o
 .text.Animation6Timer1KHZ
                0x0000000008007548       0x38 ./App/Src/WS2812.o
 .text.LEDSwapInit
                0x0000000008007580       0x5c ./App/Src/WS2812.o
 .text.AnimationsMainLoop
                0x00000000080075dc       0x98 ./App/Src/WS2812.o
 .text.WheelRobotStop
                0x0000000008007674       0x10 ./App/Src/Wheel.o
                0x0000000008007674                WheelRobotStop
 .text.WheelRobotGoPWM
                0x0000000008007684       0x6e ./App/Src/Wheel.o
                0x0000000008007684                WheelRobotGoPWM
 *fill*         0x00000000080076f2        0x2 
 .text.WheelRobotGoPWMTmo
                0x00000000080076f4       0x6c ./App/Src/Wheel.o
                0x00000000080076f4                WheelRobotGoPWMTmo
 .text.WheelRobotGoSpeedTmo
                0x0000000008007760       0x7c ./App/Src/Wheel.o
                0x0000000008007760                WheelRobotGoSpeedTmo
 .text.WheelRobotRotateTmo
                0x00000000080077dc       0xfc ./App/Src/Wheel.o
                0x00000000080077dc                WheelRobotRotateTmo
 .text.WheelRightGo
                0x00000000080078d8      0x100 ./App/Src/Wheel.o
                0x00000000080078d8                WheelRightGo
 .text.WheelRightStop
                0x00000000080079d8       0x3c ./App/Src/Wheel.o
                0x00000000080079d8                WheelRightStop
 .text.WheelLeftGo
                0x0000000008007a14      0x100 ./App/Src/Wheel.o
                0x0000000008007a14                WheelLeftGo
 .text.WheelLeftStop
                0x0000000008007b14       0x3c ./App/Src/Wheel.o
                0x0000000008007b14                WheelLeftStop
 .text.WheelStallRightCallback
                0x0000000008007b50        0xe ./App/Src/Wheel.o
                0x0000000008007b50                WheelStallRightCallback
 .text.WheelStallLeftCallback
                0x0000000008007b5e        0xe ./App/Src/Wheel.o
                0x0000000008007b5e                WheelStallLeftCallback
 .text.WheelInit
                0x0000000008007b6c       0xac ./App/Src/Wheel.o
                0x0000000008007b6c                WheelInit
 .text.WheelMainLoop
                0x0000000008007c18       0x30 ./App/Src/Wheel.o
                0x0000000008007c18                WheelMainLoop
 .text.WheelTimer1KHZISR
                0x0000000008007c48       0x34 ./App/Src/Wheel.o
                0x0000000008007c48                WheelTimer1KHZISR
 .text.EncoderTimer1KHZ
                0x0000000008007c7c      0x344 ./App/Src/Wheel.o
 .text.MotorTimer1KHZ
                0x0000000008007fc0      0x668 ./App/Src/Wheel.o
 .text.MotorPWMSpeedTracking
                0x0000000008008628       0x88 ./App/Src/Wheel.o
 .text.GetPWMSpeedStep
                0x00000000080086b0       0x42 ./App/Src/Wheel.o
 *fill*         0x00000000080086f2        0x2 
 .text.MotorMainLoop
                0x00000000080086f4       0x74 ./App/Src/Wheel.o
 .text.MMSSpeedToPWM
                0x0000000008008768       0xc4 ./App/Src/Wheel.o
 .text.DebugInit
                0x000000000800882c       0x60 ./Core/Src/main.o
                0x000000000800882c                DebugInit
 .text.HAL_UART_RxCpltCallback
                0x000000000800888c       0x40 ./Core/Src/main.o
                0x000000000800888c                HAL_UART_RxCpltCallback
 .text.DebugSendData
                0x00000000080088cc       0x88 ./Core/Src/main.o
                0x00000000080088cc                DebugSendData
 .text.HAL_UART_TxCpltCallback
                0x0000000008008954       0x30 ./Core/Src/main.o
                0x0000000008008954                HAL_UART_TxCpltCallback
 .text.main     0x0000000008008984       0xc4 ./Core/Src/main.o
                0x0000000008008984                main
 .text.SystemClock_Config
                0x0000000008008a48       0xe4 ./Core/Src/main.o
                0x0000000008008a48                SystemClock_Config
 .text.MX_ADC1_Init
                0x0000000008008b2c      0x130 ./Core/Src/main.o
 .text.MX_ADC2_Init
                0x0000000008008c5c      0x168 ./Core/Src/main.o
 .text.MX_I2C1_Init
                0x0000000008008dc4       0x5c ./Core/Src/main.o
 .text.MX_I2C3_Init
                0x0000000008008e20       0x5c ./Core/Src/main.o
 .text.MX_TIM1_Init
                0x0000000008008e7c      0x13c ./Core/Src/main.o
 .text.MX_TIM2_Init
                0x0000000008008fb8       0x98 ./Core/Src/main.o
 .text.MX_TIM3_Init
                0x0000000008009050       0xa8 ./Core/Src/main.o
 .text.MX_TIM4_Init
                0x00000000080090f8       0xa8 ./Core/Src/main.o
 .text.MX_TIM5_Init
                0x00000000080091a0       0x9c ./Core/Src/main.o
 .text.MX_TIM8_Init
                0x000000000800923c      0x144 ./Core/Src/main.o
 .text.MX_TIM9_Init
                0x0000000008009380       0xd8 ./Core/Src/main.o
 .text.MX_TIM12_Init
                0x0000000008009458       0xc4 ./Core/Src/main.o
 .text.MX_USART2_UART_Init
                0x000000000800951c       0x54 ./Core/Src/main.o
 .text.MX_USART3_UART_Init
                0x0000000008009570       0x54 ./Core/Src/main.o
 .text.MX_DMA_Init
                0x00000000080095c4       0x8c ./Core/Src/main.o
 .text.MX_GPIO_Init
                0x0000000008009650      0x2c4 ./Core/Src/main.o
 .text.Error_Handler2
                0x0000000008009914       0x1e ./Core/Src/main.o
                0x0000000008009914                Error_Handler2
 .text.HAL_GPIO_EXTI_Callback
                0x0000000008009932       0x3c ./Core/Src/main.o
                0x0000000008009932                HAL_GPIO_EXTI_Callback
 *fill*         0x000000000800996e        0x2 
 .text.HAL_ADC_ConvCpltCallback
                0x0000000008009970       0x24 ./Core/Src/main.o
                0x0000000008009970                HAL_ADC_ConvCpltCallback
 .text.Error_Handler
                0x0000000008009994        0xa ./Core/Src/main.o
                0x0000000008009994                Error_Handler
 *fill*         0x000000000800999e        0x2 
 .text.HAL_MspInit
                0x00000000080099a0       0x50 ./Core/Src/stm32f4xx_hal_msp.o
                0x00000000080099a0                HAL_MspInit
 .text.HAL_ADC_MspInit
                0x00000000080099f0      0x290 ./Core/Src/stm32f4xx_hal_msp.o
                0x00000000080099f0                HAL_ADC_MspInit
 .text.HAL_I2C_MspInit
                0x0000000008009c80      0x160 ./Core/Src/stm32f4xx_hal_msp.o
                0x0000000008009c80                HAL_I2C_MspInit
 .text.HAL_TIM_Base_MspInit
                0x0000000008009de0      0x1a8 ./Core/Src/stm32f4xx_hal_msp.o
                0x0000000008009de0                HAL_TIM_Base_MspInit
 .text.HAL_TIM_Encoder_MspInit
                0x0000000008009f88       0xfc ./Core/Src/stm32f4xx_hal_msp.o
                0x0000000008009f88                HAL_TIM_Encoder_MspInit
 .text.HAL_TIM_MspPostInit
                0x000000000800a084      0x168 ./Core/Src/stm32f4xx_hal_msp.o
                0x000000000800a084                HAL_TIM_MspPostInit
 .text.HAL_UART_MspInit
                0x000000000800a1ec      0x1c0 ./Core/Src/stm32f4xx_hal_msp.o
                0x000000000800a1ec                HAL_UART_MspInit
 .text.NMI_Handler
                0x000000000800a3ac        0x6 ./Core/Src/stm32f4xx_it.o
                0x000000000800a3ac                NMI_Handler
 .text.HardFault_Handler
                0x000000000800a3b2        0x6 ./Core/Src/stm32f4xx_it.o
                0x000000000800a3b2                HardFault_Handler
 .text.MemManage_Handler
                0x000000000800a3b8        0x6 ./Core/Src/stm32f4xx_it.o
                0x000000000800a3b8                MemManage_Handler
 .text.BusFault_Handler
                0x000000000800a3be        0x6 ./Core/Src/stm32f4xx_it.o
                0x000000000800a3be                BusFault_Handler
 .text.UsageFault_Handler
                0x000000000800a3c4        0x6 ./Core/Src/stm32f4xx_it.o
                0x000000000800a3c4                UsageFault_Handler
 .text.SVC_Handler
                0x000000000800a3ca        0xe ./Core/Src/stm32f4xx_it.o
                0x000000000800a3ca                SVC_Handler
 .text.DebugMon_Handler
                0x000000000800a3d8        0xe ./Core/Src/stm32f4xx_it.o
                0x000000000800a3d8                DebugMon_Handler
 .text.PendSV_Handler
                0x000000000800a3e6        0xe ./Core/Src/stm32f4xx_it.o
                0x000000000800a3e6                PendSV_Handler
 .text.SysTick_Handler
                0x000000000800a3f4       0x34 ./Core/Src/stm32f4xx_it.o
                0x000000000800a3f4                SysTick_Handler
 .text.EXTI0_IRQHandler
                0x000000000800a428       0x12 ./Core/Src/stm32f4xx_it.o
                0x000000000800a428                EXTI0_IRQHandler
 .text.EXTI1_IRQHandler
                0x000000000800a43a       0x12 ./Core/Src/stm32f4xx_it.o
                0x000000000800a43a                EXTI1_IRQHandler
 .text.EXTI2_IRQHandler
                0x000000000800a44c       0x12 ./Core/Src/stm32f4xx_it.o
                0x000000000800a44c                EXTI2_IRQHandler
 .text.EXTI3_IRQHandler
                0x000000000800a45e       0x12 ./Core/Src/stm32f4xx_it.o
                0x000000000800a45e                EXTI3_IRQHandler
 .text.DMA1_Stream6_IRQHandler
                0x000000000800a470       0x14 ./Core/Src/stm32f4xx_it.o
                0x000000000800a470                DMA1_Stream6_IRQHandler
 .text.EXTI9_5_IRQHandler
                0x000000000800a484       0x18 ./Core/Src/stm32f4xx_it.o
                0x000000000800a484                EXTI9_5_IRQHandler
 .text.TIM2_IRQHandler
                0x000000000800a49c       0x1c ./Core/Src/stm32f4xx_it.o
                0x000000000800a49c                TIM2_IRQHandler
 .text.I2C1_EV_IRQHandler
                0x000000000800a4b8       0x14 ./Core/Src/stm32f4xx_it.o
                0x000000000800a4b8                I2C1_EV_IRQHandler
 .text.USART2_IRQHandler
                0x000000000800a4cc       0x14 ./Core/Src/stm32f4xx_it.o
                0x000000000800a4cc                USART2_IRQHandler
 .text.USART3_IRQHandler
                0x000000000800a4e0       0x14 ./Core/Src/stm32f4xx_it.o
                0x000000000800a4e0                USART3_IRQHandler
 .text.EXTI15_10_IRQHandler
                0x000000000800a4f4       0x10 ./Core/Src/stm32f4xx_it.o
                0x000000000800a4f4                EXTI15_10_IRQHandler
 .text.DMA2_Stream0_IRQHandler
                0x000000000800a504       0x18 ./Core/Src/stm32f4xx_it.o
                0x000000000800a504                DMA2_Stream0_IRQHandler
 .text.DMA2_Stream2_IRQHandler
                0x000000000800a51c       0x14 ./Core/Src/stm32f4xx_it.o
                0x000000000800a51c                DMA2_Stream2_IRQHandler
 .text.DMA2_Stream4_IRQHandler
                0x000000000800a530       0x14 ./Core/Src/stm32f4xx_it.o
                0x000000000800a530                DMA2_Stream4_IRQHandler
 .text.I2C3_EV_IRQHandler
                0x000000000800a544       0x14 ./Core/Src/stm32f4xx_it.o
                0x000000000800a544                I2C3_EV_IRQHandler
 .text._getpid  0x000000000800a558       0x10 ./Core/Src/syscalls.o
                0x000000000800a558                _getpid
 .text._kill    0x000000000800a568       0x20 ./Core/Src/syscalls.o
                0x000000000800a568                _kill
 .text._exit    0x000000000800a588       0x14 ./Core/Src/syscalls.o
                0x000000000800a588                _exit
 .text._read    0x000000000800a59c       0x3a ./Core/Src/syscalls.o
                0x000000000800a59c                _read
 .text._write   0x000000000800a5d6       0x38 ./Core/Src/syscalls.o
                0x000000000800a5d6                _write
 .text._close   0x000000000800a60e       0x18 ./Core/Src/syscalls.o
                0x000000000800a60e                _close
 .text._fstat   0x000000000800a626       0x20 ./Core/Src/syscalls.o
                0x000000000800a626                _fstat
 .text._isatty  0x000000000800a646       0x16 ./Core/Src/syscalls.o
                0x000000000800a646                _isatty
 .text._lseek   0x000000000800a65c       0x1a ./Core/Src/syscalls.o
                0x000000000800a65c                _lseek
 *fill*         0x000000000800a676        0x2 
 .text._sbrk    0x000000000800a678       0x6c ./Core/Src/sysmem.o
                0x000000000800a678                _sbrk
 .text.SystemInit
                0x000000000800a6e4       0x24 ./Core/Src/system_stm32f4xx.o
                0x000000000800a6e4                SystemInit
 .text.Reset_Handler
                0x000000000800a708       0x50 ./Core/Startup/startup_stm32f446vetx.o
                0x000000000800a708                Reset_Handler
 .text.Default_Handler
                0x000000000800a758        0x2 ./Core/Startup/startup_stm32f446vetx.o
                0x000000000800a758                DMA1_Stream3_IRQHandler
                0x000000000800a758                TIM8_CC_IRQHandler
                0x000000000800a758                FMPI2C1_EV_IRQHandler
                0x000000000800a758                SPI4_IRQHandler
                0x000000000800a758                TIM1_CC_IRQHandler
                0x000000000800a758                DMA2_Stream5_IRQHandler
                0x000000000800a758                DMA1_Stream5_IRQHandler
                0x000000000800a758                PVD_IRQHandler
                0x000000000800a758                SDIO_IRQHandler
                0x000000000800a758                TAMP_STAMP_IRQHandler
                0x000000000800a758                CAN2_RX1_IRQHandler
                0x000000000800a758                TIM8_TRG_COM_TIM14_IRQHandler
                0x000000000800a758                TIM1_UP_TIM10_IRQHandler
                0x000000000800a758                TIM8_UP_TIM13_IRQHandler
                0x000000000800a758                I2C3_ER_IRQHandler
                0x000000000800a758                I2C2_EV_IRQHandler
                0x000000000800a758                DMA1_Stream2_IRQHandler
                0x000000000800a758                CAN1_RX0_IRQHandler
                0x000000000800a758                FPU_IRQHandler
                0x000000000800a758                OTG_HS_WKUP_IRQHandler
                0x000000000800a758                CAN2_SCE_IRQHandler
                0x000000000800a758                SPI1_IRQHandler
                0x000000000800a758                TIM6_DAC_IRQHandler
                0x000000000800a758                TIM1_BRK_TIM9_IRQHandler
                0x000000000800a758                DCMI_IRQHandler
                0x000000000800a758                CAN2_RX0_IRQHandler
                0x000000000800a758                DMA2_Stream3_IRQHandler
                0x000000000800a758                SAI2_IRQHandler
                0x000000000800a758                USART6_IRQHandler
                0x000000000800a758                CAN1_RX1_IRQHandler
                0x000000000800a758                UART5_IRQHandler
                0x000000000800a758                TIM4_IRQHandler
                0x000000000800a758                QUADSPI_IRQHandler
                0x000000000800a758                DMA1_Stream1_IRQHandler
                0x000000000800a758                UART4_IRQHandler
                0x000000000800a758                TIM3_IRQHandler
                0x000000000800a758                RCC_IRQHandler
                0x000000000800a758                TIM8_BRK_TIM12_IRQHandler
                0x000000000800a758                Default_Handler
                0x000000000800a758                CEC_IRQHandler
                0x000000000800a758                ADC_IRQHandler
                0x000000000800a758                DMA1_Stream7_IRQHandler
                0x000000000800a758                TIM7_IRQHandler
                0x000000000800a758                CAN2_TX_IRQHandler
                0x000000000800a758                TIM5_IRQHandler
                0x000000000800a758                DMA2_Stream7_IRQHandler
                0x000000000800a758                RTC_WKUP_IRQHandler
                0x000000000800a758                SPDIF_RX_IRQHandler
                0x000000000800a758                SPI2_IRQHandler
                0x000000000800a758                OTG_HS_EP1_IN_IRQHandler
                0x000000000800a758                DMA1_Stream0_IRQHandler
                0x000000000800a758                CAN1_TX_IRQHandler
                0x000000000800a758                FMPI2C1_ER_IRQHandler
                0x000000000800a758                EXTI4_IRQHandler
                0x000000000800a758                OTG_HS_EP1_OUT_IRQHandler
                0x000000000800a758                WWDG_IRQHandler
                0x000000000800a758                OTG_FS_WKUP_IRQHandler
                0x000000000800a758                TIM1_TRG_COM_TIM11_IRQHandler
                0x000000000800a758                OTG_HS_IRQHandler
                0x000000000800a758                I2C2_ER_IRQHandler
                0x000000000800a758                DMA2_Stream1_IRQHandler
                0x000000000800a758                CAN1_SCE_IRQHandler
                0x000000000800a758                FLASH_IRQHandler
                0x000000000800a758                USART1_IRQHandler
                0x000000000800a758                OTG_FS_IRQHandler
                0x000000000800a758                SPI3_IRQHandler
                0x000000000800a758                DMA1_Stream4_IRQHandler
                0x000000000800a758                I2C1_ER_IRQHandler
                0x000000000800a758                FMC_IRQHandler
                0x000000000800a758                DMA2_Stream6_IRQHandler
                0x000000000800a758                SAI1_IRQHandler
                0x000000000800a758                RTC_Alarm_IRQHandler
 *fill*         0x000000000800a75a        0x2 
 .text.HAL_Init
                0x000000000800a75c       0x44 ./Drivers/STM32F4xx_HAL_Driver/Src/stm32f4xx_hal.o
                0x000000000800a75c                HAL_Init
 .text.HAL_InitTick
                0x000000000800a7a0       0x60 ./Drivers/STM32F4xx_HAL_Driver/Src/stm32f4xx_hal.o
                0x000000000800a7a0                HAL_InitTick
 .text.HAL_IncTick
                0x000000000800a800       0x28 ./Drivers/STM32F4xx_HAL_Driver/Src/stm32f4xx_hal.o
                0x000000000800a800                HAL_IncTick
 .text.HAL_GetTick
                0x000000000800a828       0x18 ./Drivers/STM32F4xx_HAL_Driver/Src/stm32f4xx_hal.o
                0x000000000800a828                HAL_GetTick
 .text.HAL_ADC_Init
                0x000000000800a840       0x86 ./Drivers/STM32F4xx_HAL_Driver/Src/stm32f4xx_hal_adc.o
                0x000000000800a840                HAL_ADC_Init
 *fill*         0x000000000800a8c6        0x2 
 .text.HAL_ADC_Start_DMA
                0x000000000800a8c8      0x220 ./Drivers/STM32F4xx_HAL_Driver/Src/stm32f4xx_hal_adc.o
                0x000000000800a8c8                HAL_ADC_Start_DMA
 .text.HAL_ADC_ConvHalfCpltCallback
                0x000000000800aae8       0x14 ./Drivers/STM32F4xx_HAL_Driver/Src/stm32f4xx_hal_adc.o
                0x000000000800aae8                HAL_ADC_ConvHalfCpltCallback
 .text.HAL_ADC_ErrorCallback
                0x000000000800aafc       0x14 ./Drivers/STM32F4xx_HAL_Driver/Src/stm32f4xx_hal_adc.o
                0x000000000800aafc                HAL_ADC_ErrorCallback
 .text.HAL_ADC_ConfigChannel
                0x000000000800ab10      0x264 ./Drivers/STM32F4xx_HAL_Driver/Src/stm32f4xx_hal_adc.o
                0x000000000800ab10                HAL_ADC_ConfigChannel
 .text.ADC_Init
                0x000000000800ad74      0x1f8 ./Drivers/STM32F4xx_HAL_Driver/Src/stm32f4xx_hal_adc.o
 .text.ADC_DMAConvCplt
                0x000000000800af6c       0xba ./Drivers/STM32F4xx_HAL_Driver/Src/stm32f4xx_hal_adc.o
 .text.ADC_DMAHalfConvCplt
                0x000000000800b026       0x1c ./Drivers/STM32F4xx_HAL_Driver/Src/stm32f4xx_hal_adc.o
 .text.ADC_DMAError
                0x000000000800b042       0x2e ./Drivers/STM32F4xx_HAL_Driver/Src/stm32f4xx_hal_adc.o
 .text.__NVIC_SetPriorityGrouping
                0x000000000800b070       0x48 ./Drivers/STM32F4xx_HAL_Driver/Src/stm32f4xx_hal_cortex.o
 .text.__NVIC_GetPriorityGrouping
                0x000000000800b0b8       0x1c ./Drivers/STM32F4xx_HAL_Driver/Src/stm32f4xx_hal_cortex.o
 .text.__NVIC_EnableIRQ
                0x000000000800b0d4       0x3c ./Drivers/STM32F4xx_HAL_Driver/Src/stm32f4xx_hal_cortex.o
 .text.__NVIC_SetPriority
                0x000000000800b110       0x54 ./Drivers/STM32F4xx_HAL_Driver/Src/stm32f4xx_hal_cortex.o
 .text.NVIC_EncodePriority
                0x000000000800b164       0x66 ./Drivers/STM32F4xx_HAL_Driver/Src/stm32f4xx_hal_cortex.o
 *fill*         0x000000000800b1ca        0x2 
 .text.SysTick_Config
                0x000000000800b1cc       0x44 ./Drivers/STM32F4xx_HAL_Driver/Src/stm32f4xx_hal_cortex.o
 .text.HAL_NVIC_SetPriorityGrouping
                0x000000000800b210       0x16 ./Drivers/STM32F4xx_HAL_Driver/Src/stm32f4xx_hal_cortex.o
                0x000000000800b210                HAL_NVIC_SetPriorityGrouping
 .text.HAL_NVIC_SetPriority
                0x000000000800b226       0x38 ./Drivers/STM32F4xx_HAL_Driver/Src/stm32f4xx_hal_cortex.o
                0x000000000800b226                HAL_NVIC_SetPriority
 .text.HAL_NVIC_EnableIRQ
                0x000000000800b25e       0x1c ./Drivers/STM32F4xx_HAL_Driver/Src/stm32f4xx_hal_cortex.o
                0x000000000800b25e                HAL_NVIC_EnableIRQ
 .text.HAL_SYSTICK_Config
                0x000000000800b27a       0x18 ./Drivers/STM32F4xx_HAL_Driver/Src/stm32f4xx_hal_cortex.o
                0x000000000800b27a                HAL_SYSTICK_Config
 *fill*         0x000000000800b292        0x2 
 .text.HAL_DMA_Init
                0x000000000800b294      0x15c ./Drivers/STM32F4xx_HAL_Driver/Src/stm32f4xx_hal_dma.o
                0x000000000800b294                HAL_DMA_Init
 .text.HAL_DMA_Start_IT
                0x000000000800b3f0       0xb0 ./Drivers/STM32F4xx_HAL_Driver/Src/stm32f4xx_hal_dma.o
                0x000000000800b3f0                HAL_DMA_Start_IT
 .text.HAL_DMA_Abort
                0x000000000800b4a0       0xe0 ./Drivers/STM32F4xx_HAL_Driver/Src/stm32f4xx_hal_dma.o
                0x000000000800b4a0                HAL_DMA_Abort
 .text.HAL_DMA_Abort_IT
                0x000000000800b580       0x44 ./Drivers/STM32F4xx_HAL_Driver/Src/stm32f4xx_hal_dma.o
                0x000000000800b580                HAL_DMA_Abort_IT
 .text.HAL_DMA_IRQHandler
                0x000000000800b5c4      0x314 ./Drivers/STM32F4xx_HAL_Driver/Src/stm32f4xx_hal_dma.o
                0x000000000800b5c4                HAL_DMA_IRQHandler
 .text.HAL_DMA_GetState
                0x000000000800b8d8       0x1c ./Drivers/STM32F4xx_HAL_Driver/Src/stm32f4xx_hal_dma.o
                0x000000000800b8d8                HAL_DMA_GetState
 .text.DMA_SetConfig
                0x000000000800b8f4       0x5c ./Drivers/STM32F4xx_HAL_Driver/Src/stm32f4xx_hal_dma.o
 .text.DMA_CalcBaseAndBitshift
                0x000000000800b950       0x6c ./Drivers/STM32F4xx_HAL_Driver/Src/stm32f4xx_hal_dma.o
 .text.DMA_CheckFifoParam
                0x000000000800b9bc       0xf8 ./Drivers/STM32F4xx_HAL_Driver/Src/stm32f4xx_hal_dma.o
 .text.HAL_GPIO_Init
                0x000000000800bab4      0x328 ./Drivers/STM32F4xx_HAL_Driver/Src/stm32f4xx_hal_gpio.o
                0x000000000800bab4                HAL_GPIO_Init
 .text.HAL_GPIO_ReadPin
                0x000000000800bddc       0x30 ./Drivers/STM32F4xx_HAL_Driver/Src/stm32f4xx_hal_gpio.o
                0x000000000800bddc                HAL_GPIO_ReadPin
 .text.HAL_GPIO_WritePin
                0x000000000800be0c       0x32 ./Drivers/STM32F4xx_HAL_Driver/Src/stm32f4xx_hal_gpio.o
                0x000000000800be0c                HAL_GPIO_WritePin
 *fill*         0x000000000800be3e        0x2 
 .text.HAL_GPIO_EXTI_IRQHandler
                0x000000000800be40       0x30 ./Drivers/STM32F4xx_HAL_Driver/Src/stm32f4xx_hal_gpio.o
                0x000000000800be40                HAL_GPIO_EXTI_IRQHandler
 .text.HAL_I2C_Init
                0x000000000800be70      0x288 ./Drivers/STM32F4xx_HAL_Driver/Src/stm32f4xx_hal_i2c.o
                0x000000000800be70                HAL_I2C_Init
 .text.HAL_I2C_Mem_Write
                0x000000000800c0f8      0x1f4 ./Drivers/STM32F4xx_HAL_Driver/Src/stm32f4xx_hal_i2c.o
                0x000000000800c0f8                HAL_I2C_Mem_Write
 .text.HAL_I2C_Mem_Read
                0x000000000800c2ec      0x44c ./Drivers/STM32F4xx_HAL_Driver/Src/stm32f4xx_hal_i2c.o
                0x000000000800c2ec                HAL_I2C_Mem_Read
 .text.HAL_I2C_Mem_Write_IT
                0x000000000800c738      0x164 ./Drivers/STM32F4xx_HAL_Driver/Src/stm32f4xx_hal_i2c.o
                0x000000000800c738                HAL_I2C_Mem_Write_IT
 .text.HAL_I2C_Mem_Read_IT
                0x000000000800c89c      0x17c ./Drivers/STM32F4xx_HAL_Driver/Src/stm32f4xx_hal_i2c.o
                0x000000000800c89c                HAL_I2C_Mem_Read_IT
 .text.HAL_I2C_EV_IRQHandler
                0x000000000800ca18      0x2a6 ./Drivers/STM32F4xx_HAL_Driver/Src/stm32f4xx_hal_i2c.o
                0x000000000800ca18                HAL_I2C_EV_IRQHandler
 .text.HAL_I2C_MasterTxCpltCallback
                0x000000000800ccbe       0x14 ./Drivers/STM32F4xx_HAL_Driver/Src/stm32f4xx_hal_i2c.o
                0x000000000800ccbe                HAL_I2C_MasterTxCpltCallback
 .text.HAL_I2C_MasterRxCpltCallback
                0x000000000800ccd2       0x14 ./Drivers/STM32F4xx_HAL_Driver/Src/stm32f4xx_hal_i2c.o
                0x000000000800ccd2                HAL_I2C_MasterRxCpltCallback
 .text.HAL_I2C_SlaveTxCpltCallback
                0x000000000800cce6       0x14 ./Drivers/STM32F4xx_HAL_Driver/Src/stm32f4xx_hal_i2c.o
                0x000000000800cce6                HAL_I2C_SlaveTxCpltCallback
 .text.HAL_I2C_SlaveRxCpltCallback
                0x000000000800ccfa       0x14 ./Drivers/STM32F4xx_HAL_Driver/Src/stm32f4xx_hal_i2c.o
                0x000000000800ccfa                HAL_I2C_SlaveRxCpltCallback
 .text.HAL_I2C_AddrCallback
                0x000000000800cd0e       0x1c ./Drivers/STM32F4xx_HAL_Driver/Src/stm32f4xx_hal_i2c.o
                0x000000000800cd0e                HAL_I2C_AddrCallback
 .text.HAL_I2C_ListenCpltCallback
                0x000000000800cd2a       0x14 ./Drivers/STM32F4xx_HAL_Driver/Src/stm32f4xx_hal_i2c.o
                0x000000000800cd2a                HAL_I2C_ListenCpltCallback
 .text.HAL_I2C_ErrorCallback
                0x000000000800cd3e       0x14 ./Drivers/STM32F4xx_HAL_Driver/Src/stm32f4xx_hal_i2c.o
                0x000000000800cd3e                HAL_I2C_ErrorCallback
 .text.HAL_I2C_AbortCpltCallback
                0x000000000800cd52       0x14 ./Drivers/STM32F4xx_HAL_Driver/Src/stm32f4xx_hal_i2c.o
                0x000000000800cd52                HAL_I2C_AbortCpltCallback
 .text.I2C_MasterTransmit_TXE
                0x000000000800cd66      0x138 ./Drivers/STM32F4xx_HAL_Driver/Src/stm32f4xx_hal_i2c.o
 .text.I2C_MasterTransmit_BTF
                0x000000000800ce9e       0xec ./Drivers/STM32F4xx_HAL_Driver/Src/stm32f4xx_hal_i2c.o
 .text.I2C_MemoryTransmit_TXE_BTF
                0x000000000800cf8a      0x128 ./Drivers/STM32F4xx_HAL_Driver/Src/stm32f4xx_hal_i2c.o
 .text.I2C_MasterReceive_RXNE
                0x000000000800d0b2      0x176 ./Drivers/STM32F4xx_HAL_Driver/Src/stm32f4xx_hal_i2c.o
 .text.I2C_MasterReceive_BTF
                0x000000000800d228      0x1d4 ./Drivers/STM32F4xx_HAL_Driver/Src/stm32f4xx_hal_i2c.o
 .text.I2C_Master_SB
                0x000000000800d3fc      0x10c ./Drivers/STM32F4xx_HAL_Driver/Src/stm32f4xx_hal_i2c.o
 .text.I2C_Master_ADD10
                0x000000000800d508       0x54 ./Drivers/STM32F4xx_HAL_Driver/Src/stm32f4xx_hal_i2c.o
 .text.I2C_Master_ADDR
                0x000000000800d55c      0x322 ./Drivers/STM32F4xx_HAL_Driver/Src/stm32f4xx_hal_i2c.o
 .text.I2C_SlaveTransmit_TXE
                0x000000000800d87e       0x7a ./Drivers/STM32F4xx_HAL_Driver/Src/stm32f4xx_hal_i2c.o
 .text.I2C_SlaveTransmit_BTF
                0x000000000800d8f8       0x42 ./Drivers/STM32F4xx_HAL_Driver/Src/stm32f4xx_hal_i2c.o
 .text.I2C_SlaveReceive_RXNE
                0x000000000800d93a       0x7c ./Drivers/STM32F4xx_HAL_Driver/Src/stm32f4xx_hal_i2c.o
 .text.I2C_SlaveReceive_BTF
                0x000000000800d9b6       0x44 ./Drivers/STM32F4xx_HAL_Driver/Src/stm32f4xx_hal_i2c.o
 .text.I2C_Slave_ADDR
                0x000000000800d9fa       0x90 ./Drivers/STM32F4xx_HAL_Driver/Src/stm32f4xx_hal_i2c.o
 *fill*         0x000000000800da8a        0x2 
 .text.I2C_Slave_STOPF
                0x000000000800da8c      0x260 ./Drivers/STM32F4xx_HAL_Driver/Src/stm32f4xx_hal_i2c.o
 .text.I2C_ITError
                0x000000000800dcec      0x264 ./Drivers/STM32F4xx_HAL_Driver/Src/stm32f4xx_hal_i2c.o
 .text.I2C_RequestMemoryWrite
                0x000000000800df50      0x12c ./Drivers/STM32F4xx_HAL_Driver/Src/stm32f4xx_hal_i2c.o
 .text.I2C_RequestMemoryRead
                0x000000000800e07c      0x1d0 ./Drivers/STM32F4xx_HAL_Driver/Src/stm32f4xx_hal_i2c.o
 .text.I2C_DMAAbort
                0x000000000800e24c      0x150 ./Drivers/STM32F4xx_HAL_Driver/Src/stm32f4xx_hal_i2c.o
 .text.I2C_WaitOnFlagUntilTimeout
                0x000000000800e39c       0xae ./Drivers/STM32F4xx_HAL_Driver/Src/stm32f4xx_hal_i2c.o
 .text.I2C_WaitOnMasterAddressFlagUntilTimeout
                0x000000000800e44a       0xfe ./Drivers/STM32F4xx_HAL_Driver/Src/stm32f4xx_hal_i2c.o
 .text.I2C_WaitOnTXEFlagUntilTimeout
                0x000000000800e548       0x82 ./Drivers/STM32F4xx_HAL_Driver/Src/stm32f4xx_hal_i2c.o
 .text.I2C_WaitOnBTFFlagUntilTimeout
                0x000000000800e5ca       0x82 ./Drivers/STM32F4xx_HAL_Driver/Src/stm32f4xx_hal_i2c.o
 .text.I2C_WaitOnSTOPRequestThroughIT
                0x000000000800e64c       0x64 ./Drivers/STM32F4xx_HAL_Driver/Src/stm32f4xx_hal_i2c.o
 .text.I2C_WaitOnRXNEFlagUntilTimeout
                0x000000000800e6b0       0xac ./Drivers/STM32F4xx_HAL_Driver/Src/stm32f4xx_hal_i2c.o
 .text.I2C_IsAcknowledgeFailed
                0x000000000800e75c       0x5e ./Drivers/STM32F4xx_HAL_Driver/Src/stm32f4xx_hal_i2c.o
 .text.I2C_ConvertOtherXferOptions
                0x000000000800e7ba       0x36 ./Drivers/STM32F4xx_HAL_Driver/Src/stm32f4xx_hal_i2c.o
 .text.HAL_PWREx_EnableOverDrive
                0x000000000800e7f0       0xa0 ./Drivers/STM32F4xx_HAL_Driver/Src/stm32f4xx_hal_pwr_ex.o
                0x000000000800e7f0                HAL_PWREx_EnableOverDrive
 .text.HAL_RCC_ClockConfig
                0x000000000800e890      0x1cc ./Drivers/STM32F4xx_HAL_Driver/Src/stm32f4xx_hal_rcc.o
                0x000000000800e890                HAL_RCC_ClockConfig
 .text.HAL_RCC_GetHCLKFreq
                0x000000000800ea5c       0x18 ./Drivers/STM32F4xx_HAL_Driver/Src/stm32f4xx_hal_rcc.o
                0x000000000800ea5c                HAL_RCC_GetHCLKFreq
 .text.HAL_RCC_GetPCLK1Freq
                0x000000000800ea74       0x28 ./Drivers/STM32F4xx_HAL_Driver/Src/stm32f4xx_hal_rcc.o
                0x000000000800ea74                HAL_RCC_GetPCLK1Freq
 .text.HAL_RCC_GetPCLK2Freq
                0x000000000800ea9c       0x28 ./Drivers/STM32F4xx_HAL_Driver/Src/stm32f4xx_hal_rcc.o
                0x000000000800ea9c                HAL_RCC_GetPCLK2Freq
 .text.HAL_RCC_GetSysClockFreq
                0x000000000800eac4      0x45c ./Drivers/STM32F4xx_HAL_Driver/Src/stm32f4xx_hal_rcc_ex.o
                0x000000000800eac4                HAL_RCC_GetSysClockFreq
 .text.HAL_RCC_OscConfig
                0x000000000800ef20      0x53c ./Drivers/STM32F4xx_HAL_Driver/Src/stm32f4xx_hal_rcc_ex.o
                0x000000000800ef20                HAL_RCC_OscConfig
 .text.HAL_TIM_Base_Init
                0x000000000800f45c       0x9e ./Drivers/STM32F4xx_HAL_Driver/Src/stm32f4xx_hal_tim.o
                0x000000000800f45c                HAL_TIM_Base_Init
 *fill*         0x000000000800f4fa        0x2 
 .text.HAL_TIM_Base_Start
                0x000000000800f4fc       0xd0 ./Drivers/STM32F4xx_HAL_Driver/Src/stm32f4xx_hal_tim.o
                0x000000000800f4fc                HAL_TIM_Base_Start
 .text.HAL_TIM_Base_Start_IT
                0x000000000800f5cc       0xe0 ./Drivers/STM32F4xx_HAL_Driver/Src/stm32f4xx_hal_tim.o
                0x000000000800f5cc                HAL_TIM_Base_Start_IT
 .text.HAL_TIM_OC_Init
                0x000000000800f6ac       0x9e ./Drivers/STM32F4xx_HAL_Driver/Src/stm32f4xx_hal_tim.o
                0x000000000800f6ac                HAL_TIM_OC_Init
 .text.HAL_TIM_OC_MspInit
                0x000000000800f74a       0x14 ./Drivers/STM32F4xx_HAL_Driver/Src/stm32f4xx_hal_tim.o
                0x000000000800f74a                HAL_TIM_OC_MspInit
 *fill*         0x000000000800f75e        0x2 
 .text.HAL_TIM_OC_Start
                0x000000000800f760      0x190 ./Drivers/STM32F4xx_HAL_Driver/Src/stm32f4xx_hal_tim.o
                0x000000000800f760                HAL_TIM_OC_Start
 .text.HAL_TIM_PWM_Init
                0x000000000800f8f0       0x9e ./Drivers/STM32F4xx_HAL_Driver/Src/stm32f4xx_hal_tim.o
                0x000000000800f8f0                HAL_TIM_PWM_Init
 .text.HAL_TIM_PWM_MspInit
                0x000000000800f98e       0x14 ./Drivers/STM32F4xx_HAL_Driver/Src/stm32f4xx_hal_tim.o
                0x000000000800f98e                HAL_TIM_PWM_MspInit
 *fill*         0x000000000800f9a2        0x2 
 .text.HAL_TIM_PWM_Start
                0x000000000800f9a4      0x190 ./Drivers/STM32F4xx_HAL_Driver/Src/stm32f4xx_hal_tim.o
                0x000000000800f9a4                HAL_TIM_PWM_Start
 .text.HAL_TIM_PWM_Start_DMA
                0x000000000800fb34      0x390 ./Drivers/STM32F4xx_HAL_Driver/Src/stm32f4xx_hal_tim.o
                0x000000000800fb34                HAL_TIM_PWM_Start_DMA
 .text.HAL_TIM_PWM_Stop_DMA
                0x000000000800fec4      0x1a4 ./Drivers/STM32F4xx_HAL_Driver/Src/stm32f4xx_hal_tim.o
                0x000000000800fec4                HAL_TIM_PWM_Stop_DMA
 .text.HAL_TIM_Encoder_Init
                0x0000000008010068      0x14c ./Drivers/STM32F4xx_HAL_Driver/Src/stm32f4xx_hal_tim.o
                0x0000000008010068                HAL_TIM_Encoder_Init
 .text.HAL_TIM_Encoder_Start
                0x00000000080101b4      0x11c ./Drivers/STM32F4xx_HAL_Driver/Src/stm32f4xx_hal_tim.o
                0x00000000080101b4                HAL_TIM_Encoder_Start
 .text.HAL_TIM_IRQHandler
                0x00000000080102d0      0x210 ./Drivers/STM32F4xx_HAL_Driver/Src/stm32f4xx_hal_tim.o
                0x00000000080102d0                HAL_TIM_IRQHandler
 .text.HAL_TIM_OC_ConfigChannel
                0x00000000080104e0       0xb8 ./Drivers/STM32F4xx_HAL_Driver/Src/stm32f4xx_hal_tim.o
                0x00000000080104e0                HAL_TIM_OC_ConfigChannel
 .text.HAL_TIM_PWM_ConfigChannel
                0x0000000008010598      0x184 ./Drivers/STM32F4xx_HAL_Driver/Src/stm32f4xx_hal_tim.o
                0x0000000008010598                HAL_TIM_PWM_ConfigChannel
 .text.HAL_TIM_ConfigClockSource
                0x000000000801071c      0x18e ./Drivers/STM32F4xx_HAL_Driver/Src/stm32f4xx_hal_tim.o
                0x000000000801071c                HAL_TIM_ConfigClockSource
 .text.HAL_TIM_PeriodElapsedCallback
                0x00000000080108aa       0x14 ./Drivers/STM32F4xx_HAL_Driver/Src/stm32f4xx_hal_tim.o
                0x00000000080108aa                HAL_TIM_PeriodElapsedCallback
 .text.HAL_TIM_OC_DelayElapsedCallback
                0x00000000080108be       0x14 ./Drivers/STM32F4xx_HAL_Driver/Src/stm32f4xx_hal_tim.o
                0x00000000080108be                HAL_TIM_OC_DelayElapsedCallback
 .text.HAL_TIM_IC_CaptureCallback
                0x00000000080108d2       0x14 ./Drivers/STM32F4xx_HAL_Driver/Src/stm32f4xx_hal_tim.o
                0x00000000080108d2                HAL_TIM_IC_CaptureCallback
 .text.HAL_TIM_PWM_PulseFinishedHalfCpltCallback
                0x00000000080108e6       0x14 ./Drivers/STM32F4xx_HAL_Driver/Src/stm32f4xx_hal_tim.o
                0x00000000080108e6                HAL_TIM_PWM_PulseFinishedHalfCpltCallback
 .text.HAL_TIM_TriggerCallback
                0x00000000080108fa       0x14 ./Drivers/STM32F4xx_HAL_Driver/Src/stm32f4xx_hal_tim.o
                0x00000000080108fa                HAL_TIM_TriggerCallback
 .text.HAL_TIM_ErrorCallback
                0x000000000801090e       0x14 ./Drivers/STM32F4xx_HAL_Driver/Src/stm32f4xx_hal_tim.o
                0x000000000801090e                HAL_TIM_ErrorCallback
 .text.TIM_DMAError
                0x0000000008010922       0x92 ./Drivers/STM32F4xx_HAL_Driver/Src/stm32f4xx_hal_tim.o
                0x0000000008010922                TIM_DMAError
 .text.TIM_DMADelayPulseCplt
                0x00000000080109b4       0xa8 ./Drivers/STM32F4xx_HAL_Driver/Src/stm32f4xx_hal_tim.o
 .text.TIM_DMADelayPulseHalfCplt
                0x0000000008010a5c       0x68 ./Drivers/STM32F4xx_HAL_Driver/Src/stm32f4xx_hal_tim.o
                0x0000000008010a5c                TIM_DMADelayPulseHalfCplt
 .text.TIM_Base_SetConfig
                0x0000000008010ac4      0x140 ./Drivers/STM32F4xx_HAL_Driver/Src/stm32f4xx_hal_tim.o
                0x0000000008010ac4                TIM_Base_SetConfig
 .text.TIM_OC1_SetConfig
                0x0000000008010c04       0xe0 ./Drivers/STM32F4xx_HAL_Driver/Src/stm32f4xx_hal_tim.o
 .text.TIM_OC2_SetConfig
                0x0000000008010ce4       0xec ./Drivers/STM32F4xx_HAL_Driver/Src/stm32f4xx_hal_tim.o
                0x0000000008010ce4                TIM_OC2_SetConfig
 .text.TIM_OC3_SetConfig
                0x0000000008010dd0       0xe8 ./Drivers/STM32F4xx_HAL_Driver/Src/stm32f4xx_hal_tim.o
 .text.TIM_OC4_SetConfig
                0x0000000008010eb8       0xac ./Drivers/STM32F4xx_HAL_Driver/Src/stm32f4xx_hal_tim.o
 .text.TIM_TI1_ConfigInputStage
                0x0000000008010f64       0x5e ./Drivers/STM32F4xx_HAL_Driver/Src/stm32f4xx_hal_tim.o
 .text.TIM_TI2_ConfigInputStage
                0x0000000008010fc2       0x60 ./Drivers/STM32F4xx_HAL_Driver/Src/stm32f4xx_hal_tim.o
 .text.TIM_ITRx_SetConfig
                0x0000000008011022       0x36 ./Drivers/STM32F4xx_HAL_Driver/Src/stm32f4xx_hal_tim.o
 .text.TIM_ETR_SetConfig
                0x0000000008011058       0x40 ./Drivers/STM32F4xx_HAL_Driver/Src/stm32f4xx_hal_tim.o
                0x0000000008011058                TIM_ETR_SetConfig
 .text.TIM_CCxChannelCmd
                0x0000000008011098       0x4a ./Drivers/STM32F4xx_HAL_Driver/Src/stm32f4xx_hal_tim.o
                0x0000000008011098                TIM_CCxChannelCmd
 *fill*         0x00000000080110e2        0x2 
 .text.HAL_TIMEx_MasterConfigSynchronization
                0x00000000080110e4       0xf8 ./Drivers/STM32F4xx_HAL_Driver/Src/stm32f4xx_hal_tim_ex.o
                0x00000000080110e4                HAL_TIMEx_MasterConfigSynchronization
 .text.HAL_TIMEx_ConfigBreakDeadTime
                0x00000000080111dc       0xa4 ./Drivers/STM32F4xx_HAL_Driver/Src/stm32f4xx_hal_tim_ex.o
                0x00000000080111dc                HAL_TIMEx_ConfigBreakDeadTime
 .text.HAL_TIMEx_CommutCallback
                0x0000000008011280       0x14 ./Drivers/STM32F4xx_HAL_Driver/Src/stm32f4xx_hal_tim_ex.o
                0x0000000008011280                HAL_TIMEx_CommutCallback
 .text.HAL_TIMEx_BreakCallback
                0x0000000008011294       0x14 ./Drivers/STM32F4xx_HAL_Driver/Src/stm32f4xx_hal_tim_ex.o
                0x0000000008011294                HAL_TIMEx_BreakCallback
 .text.HAL_UART_Init
                0x00000000080112a8       0x9a ./Drivers/STM32F4xx_HAL_Driver/Src/stm32f4xx_hal_uart.o
                0x00000000080112a8                HAL_UART_Init
 .text.HAL_UART_Transmit_IT
                0x0000000008011342       0x8a ./Drivers/STM32F4xx_HAL_Driver/Src/stm32f4xx_hal_uart.o
                0x0000000008011342                HAL_UART_Transmit_IT
 .text.HAL_UART_Receive_IT
                0x00000000080113cc       0x60 ./Drivers/STM32F4xx_HAL_Driver/Src/stm32f4xx_hal_uart.o
                0x00000000080113cc                HAL_UART_Receive_IT
 .text.HAL_UART_Transmit_DMA
                0x000000000801142c       0xfc ./Drivers/STM32F4xx_HAL_Driver/Src/stm32f4xx_hal_uart.o
                0x000000000801142c                HAL_UART_Transmit_DMA
 .text.HAL_UART_IRQHandler
                0x0000000008011528      0x51c ./Drivers/STM32F4xx_HAL_Driver/Src/stm32f4xx_hal_uart.o
                0x0000000008011528                HAL_UART_IRQHandler
 .text.HAL_UART_TxHalfCpltCallback
                0x0000000008011a44       0x14 ./Drivers/STM32F4xx_HAL_Driver/Src/stm32f4xx_hal_uart.o
                0x0000000008011a44                HAL_UART_TxHalfCpltCallback
 .text.HAL_UART_ErrorCallback
                0x0000000008011a58       0x14 ./Drivers/STM32F4xx_HAL_Driver/Src/stm32f4xx_hal_uart.o
                0x0000000008011a58                HAL_UART_ErrorCallback
 .text.HAL_UARTEx_RxEventCallback
                0x0000000008011a6c       0x18 ./Drivers/STM32F4xx_HAL_Driver/Src/stm32f4xx_hal_uart.o
                0x0000000008011a6c                HAL_UARTEx_RxEventCallback
 .text.UART_DMATransmitCplt
                0x0000000008011a84       0x9a ./Drivers/STM32F4xx_HAL_Driver/Src/stm32f4xx_hal_uart.o
 .text.UART_DMATxHalfCplt
                0x0000000008011b1e       0x1c ./Drivers/STM32F4xx_HAL_Driver/Src/stm32f4xx_hal_uart.o
 .text.UART_DMAError
                0x0000000008011b3a       0x94 ./Drivers/STM32F4xx_HAL_Driver/Src/stm32f4xx_hal_uart.o
 .text.UART_Start_Receive_IT
                0x0000000008011bce       0x7c ./Drivers/STM32F4xx_HAL_Driver/Src/stm32f4xx_hal_uart.o
                0x0000000008011bce                UART_Start_Receive_IT
 .text.UART_EndTxTransfer
                0x0000000008011c4a       0x50 ./Drivers/STM32F4xx_HAL_Driver/Src/stm32f4xx_hal_uart.o
 .text.UART_EndRxTransfer
                0x0000000008011c9a       0xc6 ./Drivers/STM32F4xx_HAL_Driver/Src/stm32f4xx_hal_uart.o
 .text.UART_DMAAbortOnError
                0x0000000008011d60       0x28 ./Drivers/STM32F4xx_HAL_Driver/Src/stm32f4xx_hal_uart.o
 .text.UART_Transmit_IT
                0x0000000008011d88       0xa0 ./Drivers/STM32F4xx_HAL_Driver/Src/stm32f4xx_hal_uart.o
 .text.UART_EndTransmit_IT
                0x0000000008011e28       0x30 ./Drivers/STM32F4xx_HAL_Driver/Src/stm32f4xx_hal_uart.o
 .text.UART_Receive_IT
                0x0000000008011e58      0x176 ./Drivers/STM32F4xx_HAL_Driver/Src/stm32f4xx_hal_uart.o
 *fill*         0x0000000008011fce        0x2 
 .text.UART_SetConfig
                0x0000000008011fd0      0x4e8 ./Drivers/STM32F4xx_HAL_Driver/Src/stm32f4xx_hal_uart.o
 .text.atoi     0x00000000080124b8        0x8 /Applications/STM32CubeIDE.app/Contents/Eclipse/plugins/com.st.stm32cube.ide.mcu.externaltools.gnu-tools-for-stm32.11.3.rel1.macos64_1.1.1.202309131626/tools/bin/../lib/gcc/arm-none-eabi/11.3.1/../../../../arm-none-eabi/lib/thumb/v7e-m+fp/hard/libc_nano.a(libc_a-atoi.o)
                0x00000000080124b8                atoi
 .text.__cvt    0x00000000080124c0       0xc4 /Applications/STM32CubeIDE.app/Contents/Eclipse/plugins/com.st.stm32cube.ide.mcu.externaltools.gnu-tools-for-stm32.11.3.rel1.macos64_1.1.1.202309131626/tools/bin/../lib/gcc/arm-none-eabi/11.3.1/../../../../arm-none-eabi/lib/thumb/v7e-m+fp/hard/libc_nano.a(libc_a-nano-vfprintf_float.o)
                0x00000000080124c0                __cvt
 .text.__exponent
                0x0000000008012584       0x7c /Applications/STM32CubeIDE.app/Contents/Eclipse/plugins/com.st.stm32cube.ide.mcu.externaltools.gnu-tools-for-stm32.11.3.rel1.macos64_1.1.1.202309131626/tools/bin/../lib/gcc/arm-none-eabi/11.3.1/../../../../arm-none-eabi/lib/thumb/v7e-m+fp/hard/libc_nano.a(libc_a-nano-vfprintf_float.o)
                0x0000000008012584                __exponent
 .text._printf_float
                0x0000000008012600      0x46c /Applications/STM32CubeIDE.app/Contents/Eclipse/plugins/com.st.stm32cube.ide.mcu.externaltools.gnu-tools-for-stm32.11.3.rel1.macos64_1.1.1.202309131626/tools/bin/../lib/gcc/arm-none-eabi/11.3.1/../../../../arm-none-eabi/lib/thumb/v7e-m+fp/hard/libc_nano.a(libc_a-nano-vfprintf_float.o)
                0x0000000008012600                _printf_float
 .text._printf_common
                0x0000000008012a6c       0xda /Applications/STM32CubeIDE.app/Contents/Eclipse/plugins/com.st.stm32cube.ide.mcu.externaltools.gnu-tools-for-stm32.11.3.rel1.macos64_1.1.1.202309131626/tools/bin/../lib/gcc/arm-none-eabi/11.3.1/../../../../arm-none-eabi/lib/thumb/v7e-m+fp/hard/libc_nano.a(libc_a-nano-vfprintf_i.o)
                0x0000000008012a6c                _printf_common
 *fill*         0x0000000008012b46        0x2 
 .text._printf_i
                0x0000000008012b48      0x244 /Applications/STM32CubeIDE.app/Contents/Eclipse/plugins/com.st.stm32cube.ide.mcu.externaltools.gnu-tools-for-stm32.11.3.rel1.macos64_1.1.1.202309131626/tools/bin/../lib/gcc/arm-none-eabi/11.3.1/../../../../arm-none-eabi/lib/thumb/v7e-m+fp/hard/libc_nano.a(libc_a-nano-vfprintf_i.o)
                0x0000000008012b48                _printf_i
 .text.sprintf  0x0000000008012d8c       0x40 /Applications/STM32CubeIDE.app/Contents/Eclipse/plugins/com.st.stm32cube.ide.mcu.externaltools.gnu-tools-for-stm32.11.3.rel1.macos64_1.1.1.202309131626/tools/bin/../lib/gcc/arm-none-eabi/11.3.1/../../../../arm-none-eabi/lib/thumb/v7e-m+fp/hard/libc_nano.a(libc_a-sprintf.o)
                0x0000000008012d8c                sprintf
                0x0000000008012d8c                siprintf
 .text.srand    0x0000000008012dcc       0x5c /Applications/STM32CubeIDE.app/Contents/Eclipse/plugins/com.st.stm32cube.ide.mcu.externaltools.gnu-tools-for-stm32.11.3.rel1.macos64_1.1.1.202309131626/tools/bin/../lib/gcc/arm-none-eabi/11.3.1/../../../../arm-none-eabi/lib/thumb/v7e-m+fp/hard/libc_nano.a(libc_a-rand.o)
                0x0000000008012dcc                srand
 .text.std      0x0000000008012e28       0x6c /Applications/STM32CubeIDE.app/Contents/Eclipse/plugins/com.st.stm32cube.ide.mcu.externaltools.gnu-tools-for-stm32.11.3.rel1.macos64_1.1.1.202309131626/tools/bin/../lib/gcc/arm-none-eabi/11.3.1/../../../../arm-none-eabi/lib/thumb/v7e-m+fp/hard/libc_nano.a(libc_a-findfp.o)
 .text.stdio_exit_handler
                0x0000000008012e94       0x18 /Applications/STM32CubeIDE.app/Contents/Eclipse/plugins/com.st.stm32cube.ide.mcu.externaltools.gnu-tools-for-stm32.11.3.rel1.macos64_1.1.1.202309131626/tools/bin/../lib/gcc/arm-none-eabi/11.3.1/../../../../arm-none-eabi/lib/thumb/v7e-m+fp/hard/libc_nano.a(libc_a-findfp.o)
 .text.cleanup_stdio
                0x0000000008012eac       0x40 /Applications/STM32CubeIDE.app/Contents/Eclipse/plugins/com.st.stm32cube.ide.mcu.externaltools.gnu-tools-for-stm32.11.3.rel1.macos64_1.1.1.202309131626/tools/bin/../lib/gcc/arm-none-eabi/11.3.1/../../../../arm-none-eabi/lib/thumb/v7e-m+fp/hard/libc_nano.a(libc_a-findfp.o)
 .text.global_stdio_init.part.0
                0x0000000008012eec       0x3c /Applications/STM32CubeIDE.app/Contents/Eclipse/plugins/com.st.stm32cube.ide.mcu.externaltools.gnu-tools-for-stm32.11.3.rel1.macos64_1.1.1.202309131626/tools/bin/../lib/gcc/arm-none-eabi/11.3.1/../../../../arm-none-eabi/lib/thumb/v7e-m+fp/hard/libc_nano.a(libc_a-findfp.o)
 .text.__sfp_lock_acquire
                0x0000000008012f28        0xc /Applications/STM32CubeIDE.app/Contents/Eclipse/plugins/com.st.stm32cube.ide.mcu.externaltools.gnu-tools-for-stm32.11.3.rel1.macos64_1.1.1.202309131626/tools/bin/../lib/gcc/arm-none-eabi/11.3.1/../../../../arm-none-eabi/lib/thumb/v7e-m+fp/hard/libc_nano.a(libc_a-findfp.o)
                0x0000000008012f28                __sfp_lock_acquire
 .text.__sfp_lock_release
                0x0000000008012f34        0xc /Applications/STM32CubeIDE.app/Contents/Eclipse/plugins/com.st.stm32cube.ide.mcu.externaltools.gnu-tools-for-stm32.11.3.rel1.macos64_1.1.1.202309131626/tools/bin/../lib/gcc/arm-none-eabi/11.3.1/../../../../arm-none-eabi/lib/thumb/v7e-m+fp/hard/libc_nano.a(libc_a-findfp.o)
                0x0000000008012f34                __sfp_lock_release
 .text.__sinit  0x0000000008012f40       0x30 /Applications/STM32CubeIDE.app/Contents/Eclipse/plugins/com.st.stm32cube.ide.mcu.externaltools.gnu-tools-for-stm32.11.3.rel1.macos64_1.1.1.202309131626/tools/bin/../lib/gcc/arm-none-eabi/11.3.1/../../../../arm-none-eabi/lib/thumb/v7e-m+fp/hard/libc_nano.a(libc_a-findfp.o)
                0x0000000008012f40                __sinit
 .text._strtol_l.constprop.0
                0x0000000008012f70      0x104 /Applications/STM32CubeIDE.app/Contents/Eclipse/plugins/com.st.stm32cube.ide.mcu.externaltools.gnu-tools-for-stm32.11.3.rel1.macos64_1.1.1.202309131626/tools/bin/../lib/gcc/arm-none-eabi/11.3.1/../../../../arm-none-eabi/lib/thumb/v7e-m+fp/hard/libc_nano.a(libc_a-strtol.o)
 .text.strtol   0x0000000008013074       0x14 /Applications/STM32CubeIDE.app/Contents/Eclipse/plugins/com.st.stm32cube.ide.mcu.externaltools.gnu-tools-for-stm32.11.3.rel1.macos64_1.1.1.202309131626/tools/bin/../lib/gcc/arm-none-eabi/11.3.1/../../../../arm-none-eabi/lib/thumb/v7e-m+fp/hard/libc_nano.a(libc_a-strtol.o)
                0x0000000008013074                strtol
 .text._fwalk_sglue
                0x0000000008013088       0x3c /Applications/STM32CubeIDE.app/Contents/Eclipse/plugins/com.st.stm32cube.ide.mcu.externaltools.gnu-tools-for-stm32.11.3.rel1.macos64_1.1.1.202309131626/tools/bin/../lib/gcc/arm-none-eabi/11.3.1/../../../../arm-none-eabi/lib/thumb/v7e-m+fp/hard/libc_nano.a(libc_a-fwalk.o)
                0x0000000008013088                _fwalk_sglue
 .text.memset   0x00000000080130c4       0x10 /Applications/STM32CubeIDE.app/Contents/Eclipse/plugins/com.st.stm32cube.ide.mcu.externaltools.gnu-tools-for-stm32.11.3.rel1.macos64_1.1.1.202309131626/tools/bin/../lib/gcc/arm-none-eabi/11.3.1/../../../../arm-none-eabi/lib/thumb/v7e-m+fp/hard/libc_nano.a(libc_a-memset.o)
                0x00000000080130c4                memset
 .text._localeconv_r
                0x00000000080130d4        0x8 /Applications/STM32CubeIDE.app/Contents/Eclipse/plugins/com.st.stm32cube.ide.mcu.externaltools.gnu-tools-for-stm32.11.3.rel1.macos64_1.1.1.202309131626/tools/bin/../lib/gcc/arm-none-eabi/11.3.1/../../../../arm-none-eabi/lib/thumb/v7e-m+fp/hard/libc_nano.a(libc_a-localeconv.o)
                0x00000000080130d4                _localeconv_r
 .text.__errno  0x00000000080130dc        0xc /Applications/STM32CubeIDE.app/Contents/Eclipse/plugins/com.st.stm32cube.ide.mcu.externaltools.gnu-tools-for-stm32.11.3.rel1.macos64_1.1.1.202309131626/tools/bin/../lib/gcc/arm-none-eabi/11.3.1/../../../../arm-none-eabi/lib/thumb/v7e-m+fp/hard/libc_nano.a(libc_a-errno.o)
                0x00000000080130dc                __errno
 .text.__libc_init_array
                0x00000000080130e8       0x48 /Applications/STM32CubeIDE.app/Contents/Eclipse/plugins/com.st.stm32cube.ide.mcu.externaltools.gnu-tools-for-stm32.11.3.rel1.macos64_1.1.1.202309131626/tools/bin/../lib/gcc/arm-none-eabi/11.3.1/../../../../arm-none-eabi/lib/thumb/v7e-m+fp/hard/libc_nano.a(libc_a-init.o)
                0x00000000080130e8                __libc_init_array
 .text.__retarget_lock_init_recursive
                0x0000000008013130        0x2 /Applications/STM32CubeIDE.app/Contents/Eclipse/plugins/com.st.stm32cube.ide.mcu.externaltools.gnu-tools-for-stm32.11.3.rel1.macos64_1.1.1.202309131626/tools/bin/../lib/gcc/arm-none-eabi/11.3.1/../../../../arm-none-eabi/lib/thumb/v7e-m+fp/hard/libc_nano.a(libc_a-lock.o)
                0x0000000008013130                __retarget_lock_init_recursive
 .text.__retarget_lock_acquire_recursive
                0x0000000008013132        0x2 /Applications/STM32CubeIDE.app/Contents/Eclipse/plugins/com.st.stm32cube.ide.mcu.externaltools.gnu-tools-for-stm32.11.3.rel1.macos64_1.1.1.202309131626/tools/bin/../lib/gcc/arm-none-eabi/11.3.1/../../../../arm-none-eabi/lib/thumb/v7e-m+fp/hard/libc_nano.a(libc_a-lock.o)
                0x0000000008013132                __retarget_lock_acquire_recursive
 .text.__retarget_lock_release_recursive
                0x0000000008013134        0x2 /Applications/STM32CubeIDE.app/Contents/Eclipse/plugins/com.st.stm32cube.ide.mcu.externaltools.gnu-tools-for-stm32.11.3.rel1.macos64_1.1.1.202309131626/tools/bin/../lib/gcc/arm-none-eabi/11.3.1/../../../../arm-none-eabi/lib/thumb/v7e-m+fp/hard/libc_nano.a(libc_a-lock.o)
                0x0000000008013134                __retarget_lock_release_recursive
 .text.memcpy   0x0000000008013136       0x1c /Applications/STM32CubeIDE.app/Contents/Eclipse/plugins/com.st.stm32cube.ide.mcu.externaltools.gnu-tools-for-stm32.11.3.rel1.macos64_1.1.1.202309131626/tools/bin/../lib/gcc/arm-none-eabi/11.3.1/../../../../arm-none-eabi/lib/thumb/v7e-m+fp/hard/libc_nano.a(libc_a-memcpy-stub.o)
                0x0000000008013136                memcpy
 *fill*         0x0000000008013152        0x2 
 .text.__assert_func
                0x0000000008013154       0x3c /Applications/STM32CubeIDE.app/Contents/Eclipse/plugins/com.st.stm32cube.ide.mcu.externaltools.gnu-tools-for-stm32.11.3.rel1.macos64_1.1.1.202309131626/tools/bin/../lib/gcc/arm-none-eabi/11.3.1/../../../../arm-none-eabi/lib/thumb/v7e-m+fp/hard/libc_nano.a(libc_a-assert.o)
                0x0000000008013154                __assert_func
 .text.quorem   0x0000000008013190      0x110 /Applications/STM32CubeIDE.app/Contents/Eclipse/plugins/com.st.stm32cube.ide.mcu.externaltools.gnu-tools-for-stm32.11.3.rel1.macos64_1.1.1.202309131626/tools/bin/../lib/gcc/arm-none-eabi/11.3.1/../../../../arm-none-eabi/lib/thumb/v7e-m+fp/hard/libc_nano.a(libc_a-dtoa.o)
 .text._dtoa_r  0x00000000080132a0      0xbe4 /Applications/STM32CubeIDE.app/Contents/Eclipse/plugins/com.st.stm32cube.ide.mcu.externaltools.gnu-tools-for-stm32.11.3.rel1.macos64_1.1.1.202309131626/tools/bin/../lib/gcc/arm-none-eabi/11.3.1/../../../../arm-none-eabi/lib/thumb/v7e-m+fp/hard/libc_nano.a(libc_a-dtoa.o)
                0x00000000080132a0                _dtoa_r
 .text.__ssputs_r
                0x0000000008013e84       0xb4 /Applications/STM32CubeIDE.app/Contents/Eclipse/plugins/com.st.stm32cube.ide.mcu.externaltools.gnu-tools-for-stm32.11.3.rel1.macos64_1.1.1.202309131626/tools/bin/../lib/gcc/arm-none-eabi/11.3.1/../../../../arm-none-eabi/lib/thumb/v7e-m+fp/hard/libc_nano.a(libc_a-nano-svfprintf.o)
                0x0000000008013e84                __ssputs_r
 .text._svfprintf_r
                0x0000000008013f38      0x1fc /Applications/STM32CubeIDE.app/Contents/Eclipse/plugins/com.st.stm32cube.ide.mcu.externaltools.gnu-tools-for-stm32.11.3.rel1.macos64_1.1.1.202309131626/tools/bin/../lib/gcc/arm-none-eabi/11.3.1/../../../../arm-none-eabi/lib/thumb/v7e-m+fp/hard/libc_nano.a(libc_a-nano-svfprintf.o)
                0x0000000008013f38                _svfprintf_r
                0x0000000008013f38                _svfiprintf_r
 .text.malloc   0x0000000008014134       0x10 /Applications/STM32CubeIDE.app/Contents/Eclipse/plugins/com.st.stm32cube.ide.mcu.externaltools.gnu-tools-for-stm32.11.3.rel1.macos64_1.1.1.202309131626/tools/bin/../lib/gcc/arm-none-eabi/11.3.1/../../../../arm-none-eabi/lib/thumb/v7e-m+fp/hard/libc_nano.a(libc_a-malloc.o)
                0x0000000008014134                malloc
 .text.sbrk_aligned
                0x0000000008014144       0x40 /Applications/STM32CubeIDE.app/Contents/Eclipse/plugins/com.st.stm32cube.ide.mcu.externaltools.gnu-tools-for-stm32.11.3.rel1.macos64_1.1.1.202309131626/tools/bin/../lib/gcc/arm-none-eabi/11.3.1/../../../../arm-none-eabi/lib/thumb/v7e-m+fp/hard/libc_nano.a(libc_a-mallocr.o)
 .text._malloc_r
                0x0000000008014184      0x100 /Applications/STM32CubeIDE.app/Contents/Eclipse/plugins/com.st.stm32cube.ide.mcu.externaltools.gnu-tools-for-stm32.11.3.rel1.macos64_1.1.1.202309131626/tools/bin/../lib/gcc/arm-none-eabi/11.3.1/../../../../arm-none-eabi/lib/thumb/v7e-m+fp/hard/libc_nano.a(libc_a-mallocr.o)
                0x0000000008014184                _malloc_r
 .text.__sflush_r
                0x0000000008014284      0x10c /Applications/STM32CubeIDE.app/Contents/Eclipse/plugins/com.st.stm32cube.ide.mcu.externaltools.gnu-tools-for-stm32.11.3.rel1.macos64_1.1.1.202309131626/tools/bin/../lib/gcc/arm-none-eabi/11.3.1/../../../../arm-none-eabi/lib/thumb/v7e-m+fp/hard/libc_nano.a(libc_a-fflush.o)
                0x0000000008014284                __sflush_r
 .text._fflush_r
                0x0000000008014390       0x50 /Applications/STM32CubeIDE.app/Contents/Eclipse/plugins/com.st.stm32cube.ide.mcu.externaltools.gnu-tools-for-stm32.11.3.rel1.macos64_1.1.1.202309131626/tools/bin/../lib/gcc/arm-none-eabi/11.3.1/../../../../arm-none-eabi/lib/thumb/v7e-m+fp/hard/libc_nano.a(libc_a-fflush.o)
                0x0000000008014390                _fflush_r
 .text.__malloc_lock
                0x00000000080143e0        0xc /Applications/STM32CubeIDE.app/Contents/Eclipse/plugins/com.st.stm32cube.ide.mcu.externaltools.gnu-tools-for-stm32.11.3.rel1.macos64_1.1.1.202309131626/tools/bin/../lib/gcc/arm-none-eabi/11.3.1/../../../../arm-none-eabi/lib/thumb/v7e-m+fp/hard/libc_nano.a(libc_a-mlock.o)
                0x00000000080143e0                __malloc_lock
 .text.__malloc_unlock
                0x00000000080143ec        0xc /Applications/STM32CubeIDE.app/Contents/Eclipse/plugins/com.st.stm32cube.ide.mcu.externaltools.gnu-tools-for-stm32.11.3.rel1.macos64_1.1.1.202309131626/tools/bin/../lib/gcc/arm-none-eabi/11.3.1/../../../../arm-none-eabi/lib/thumb/v7e-m+fp/hard/libc_nano.a(libc_a-mlock.o)
                0x00000000080143ec                __malloc_unlock
 .text._Balloc  0x00000000080143f8       0x80 /Applications/STM32CubeIDE.app/Contents/Eclipse/plugins/com.st.stm32cube.ide.mcu.externaltools.gnu-tools-for-stm32.11.3.rel1.macos64_1.1.1.202309131626/tools/bin/../lib/gcc/arm-none-eabi/11.3.1/../../../../arm-none-eabi/lib/thumb/v7e-m+fp/hard/libc_nano.a(libc_a-mprec.o)
                0x00000000080143f8                _Balloc
 .text._Bfree   0x0000000008014478       0x44 /Applications/STM32CubeIDE.app/Contents/Eclipse/plugins/com.st.stm32cube.ide.mcu.externaltools.gnu-tools-for-stm32.11.3.rel1.macos64_1.1.1.202309131626/tools/bin/../lib/gcc/arm-none-eabi/11.3.1/../../../../arm-none-eabi/lib/thumb/v7e-m+fp/hard/libc_nano.a(libc_a-mprec.o)
                0x0000000008014478                _Bfree
 .text.__multadd
                0x00000000080144bc       0x8c /Applications/STM32CubeIDE.app/Contents/Eclipse/plugins/com.st.stm32cube.ide.mcu.externaltools.gnu-tools-for-stm32.11.3.rel1.macos64_1.1.1.202309131626/tools/bin/../lib/gcc/arm-none-eabi/11.3.1/../../../../arm-none-eabi/lib/thumb/v7e-m+fp/hard/libc_nano.a(libc_a-mprec.o)
                0x00000000080144bc                __multadd
 .text.__hi0bits
                0x0000000008014548       0x40 /Applications/STM32CubeIDE.app/Contents/Eclipse/plugins/com.st.stm32cube.ide.mcu.externaltools.gnu-tools-for-stm32.11.3.rel1.macos64_1.1.1.202309131626/tools/bin/../lib/gcc/arm-none-eabi/11.3.1/../../../../arm-none-eabi/lib/thumb/v7e-m+fp/hard/libc_nano.a(libc_a-mprec.o)
                0x0000000008014548                __hi0bits
 .text.__lo0bits
                0x0000000008014588       0x5a /Applications/STM32CubeIDE.app/Contents/Eclipse/plugins/com.st.stm32cube.ide.mcu.externaltools.gnu-tools-for-stm32.11.3.rel1.macos64_1.1.1.202309131626/tools/bin/../lib/gcc/arm-none-eabi/11.3.1/../../../../arm-none-eabi/lib/thumb/v7e-m+fp/hard/libc_nano.a(libc_a-mprec.o)
                0x0000000008014588                __lo0bits
 *fill*         0x00000000080145e2        0x2 
 .text.__i2b    0x00000000080145e4       0x2c /Applications/STM32CubeIDE.app/Contents/Eclipse/plugins/com.st.stm32cube.ide.mcu.externaltools.gnu-tools-for-stm32.11.3.rel1.macos64_1.1.1.202309131626/tools/bin/../lib/gcc/arm-none-eabi/11.3.1/../../../../arm-none-eabi/lib/thumb/v7e-m+fp/hard/libc_nano.a(libc_a-mprec.o)
                0x00000000080145e4                __i2b
 .text.__multiply
                0x0000000008014610      0x154 /Applications/STM32CubeIDE.app/Contents/Eclipse/plugins/com.st.stm32cube.ide.mcu.externaltools.gnu-tools-for-stm32.11.3.rel1.macos64_1.1.1.202309131626/tools/bin/../lib/gcc/arm-none-eabi/11.3.1/../../../../arm-none-eabi/lib/thumb/v7e-m+fp/hard/libc_nano.a(libc_a-mprec.o)
                0x0000000008014610                __multiply
 .text.__pow5mult
                0x0000000008014764       0xb4 /Applications/STM32CubeIDE.app/Contents/Eclipse/plugins/com.st.stm32cube.ide.mcu.externaltools.gnu-tools-for-stm32.11.3.rel1.macos64_1.1.1.202309131626/tools/bin/../lib/gcc/arm-none-eabi/11.3.1/../../../../arm-none-eabi/lib/thumb/v7e-m+fp/hard/libc_nano.a(libc_a-mprec.o)
                0x0000000008014764                __pow5mult
 .text.__lshift
                0x0000000008014818       0xd8 /Applications/STM32CubeIDE.app/Contents/Eclipse/plugins/com.st.stm32cube.ide.mcu.externaltools.gnu-tools-for-stm32.11.3.rel1.macos64_1.1.1.202309131626/tools/bin/../lib/gcc/arm-none-eabi/11.3.1/../../../../arm-none-eabi/lib/thumb/v7e-m+fp/hard/libc_nano.a(libc_a-mprec.o)
                0x0000000008014818                __lshift
 .text.__mcmp   0x00000000080148f0       0x38 /Applications/STM32CubeIDE.app/Contents/Eclipse/plugins/com.st.stm32cube.ide.mcu.externaltools.gnu-tools-for-stm32.11.3.rel1.macos64_1.1.1.202309131626/tools/bin/../lib/gcc/arm-none-eabi/11.3.1/../../../../arm-none-eabi/lib/thumb/v7e-m+fp/hard/libc_nano.a(libc_a-mprec.o)
                0x00000000080148f0                __mcmp
 .text.__mdiff  0x0000000008014928      0x114 /Applications/STM32CubeIDE.app/Contents/Eclipse/plugins/com.st.stm32cube.ide.mcu.externaltools.gnu-tools-for-stm32.11.3.rel1.macos64_1.1.1.202309131626/tools/bin/../lib/gcc/arm-none-eabi/11.3.1/../../../../arm-none-eabi/lib/thumb/v7e-m+fp/hard/libc_nano.a(libc_a-mprec.o)
                0x0000000008014928                __mdiff
 .text.__d2b    0x0000000008014a3c       0xb4 /Applications/STM32CubeIDE.app/Contents/Eclipse/plugins/com.st.stm32cube.ide.mcu.externaltools.gnu-tools-for-stm32.11.3.rel1.macos64_1.1.1.202309131626/tools/bin/../lib/gcc/arm-none-eabi/11.3.1/../../../../arm-none-eabi/lib/thumb/v7e-m+fp/hard/libc_nano.a(libc_a-mprec.o)
                0x0000000008014a3c                __d2b
 .text.__sread  0x0000000008014af0       0x22 /Applications/STM32CubeIDE.app/Contents/Eclipse/plugins/com.st.stm32cube.ide.mcu.externaltools.gnu-tools-for-stm32.11.3.rel1.macos64_1.1.1.202309131626/tools/bin/../lib/gcc/arm-none-eabi/11.3.1/../../../../arm-none-eabi/lib/thumb/v7e-m+fp/hard/libc_nano.a(libc_a-stdio.o)
                0x0000000008014af0                __sread
 .text.__swrite
                0x0000000008014b12       0x38 /Applications/STM32CubeIDE.app/Contents/Eclipse/plugins/com.st.stm32cube.ide.mcu.externaltools.gnu-tools-for-stm32.11.3.rel1.macos64_1.1.1.202309131626/tools/bin/../lib/gcc/arm-none-eabi/11.3.1/../../../../arm-none-eabi/lib/thumb/v7e-m+fp/hard/libc_nano.a(libc_a-stdio.o)
                0x0000000008014b12                __swrite