../App/Src/I2CDevices.c:140:28:I2CVEML3328DataAvailableCallback	16	static
../App/Src/I2CDevices.c:175:28:I2CVEML3328BothDataAvailableCallback	4	static
../App/Src/I2CDevices.c:206:16:I2CVEMLReadResult	40	static
../App/Src/I2CDevices.c:228:20:I2CEEPROMReadIS	40	static
../App/Src/I2CDevices.c:267:20:I2CEEPROMWriteIS	48	static
../App/Src/I2CDevices.c:295:21:I2CEEPROMChekListStatusML	4	static
../App/Src/I2CDevices.c:302:19:I2CEEPROMReadWriteListML	32	static
../App/Src/I2CDevices.c:331:29:I2CTSL25911DataAvailableCallback	24	static
../App/Src/I2CDevices.c:352:6:I2CTSL25911SensorReset	16	static
../App/Src/I2CDevices.c:359:16:I2CTSL25911ReadSensorData	16	static
../App/Src/I2CDevices.c:374:29:I2CErrorCallback	16	static
../App/Src/I2CDevices.c:397:9:I2CGetErrorStatus	4	static
../App/Src/I2CDevices.c:408:6:I2CDevicesInit	8	static
../App/Src/I2CDevices.c:433:6:I2CDevicesMainLoop	8	static
../App/Src/I2CDevices.c:575:6:I2CDevicesTimer1KHZISR	8	static
../App/Src/I2CDevices.c:1091:6:HAL_I2C_MemTxCpltCallback	16	static
../App/Src/I2CDevices.c:1176:6:HAL_I2C_MemRxCpltCallback	16	static
../App/Src/I2CDevices.c:1529:13:HandleVEML3328Loop	48	static
../App/Src/I2CDevices.c:1802:13:VEML3328ErrorDetected	48	static
../App/Src/I2CDevices.c:1821:13:StoreVEML3328Result	8	static
../App/Src/I2CDevices.c:1857:13:VEML3328RightTimeout100HZ	8	static
../App/Src/I2CDevices.c:1878:13:VEML3328LeftTimeout100HZ	8	static
../App/Src/I2CDevices.c:1904:13:EEPROMInitialization	4	static
../App/Src/I2CDevices.c:1910:13:EEPROMMainLoop	40	static
../App/Src/I2CDevices.c:2006:13:EEPROM32To8	16	static
../App/Src/I2CDevices.c:2016:13:EEPROM8To32	24	static
../App/Src/I2CDevices.c:2042:13:EEPROMWriteDelay	4	static
../App/Src/I2CDevices.c:2048:13:EEPROMTimer1KHZISR	4	static
../App/Src/I2CDevices.c:2057:13:TSL25911Init	4	static
../App/Src/I2CDevices.c:2074:13:TSL25911MainLoop	40	static
../App/Src/I2CDevices.c:2329:13:TSL25911Timer1KHZISR	4	static
../App/Src/I2CDevices.c:2345:13:I2CErrorChecker	16	static
../App/Src/I2CDevices.c:2380:13:I2CErrorTimer100HZ	4	static
