../App/Src/Interaction.c:224:29:InteractionNewResultAvailableCallback	8	static
../App/Src/Interaction.c:284:7:InteractionTurnIRPatternGenerationONorOFF	16	static
../App/Src/Interaction.c:301:6:InteractionCalculateBaseline	8	static
../App/Src/Interaction.c:307:34:InteractionGetBaseLineData	16	static
../App/Src/Interaction.c:317:9:InteractionSetSensitivity	16	static
../App/Src/Interaction.c:366:9:InteractionIncDecSensitivity	16	static
../App/Src/Interaction.c:446:26:InteractionGetSensitivityData	16	static
../App/Src/Interaction.c:470:6:InteractionInit	8	static
../App/Src/Interaction.c:510:6:InteractionMainLoop	8	static
../App/Src/Interaction.c:674:6:InteractionTimer1KHZISR	8	static
../App/Src/Interaction.c:686:6:InteractionTimer10KHZISR	8	static
../App/Src/Interaction.c:694:6:InteractionADC1DMACallback	8	static
../App/Src/Interaction.c:701:6:InteractionCH0Callback	8	static
../App/Src/Interaction.c:707:6:InteractionCH1Callback	8	static
../App/Src/Interaction.c:713:6:InteractionCH2Callback	8	static
../App/Src/Interaction.c:719:6:InteractionCH3Callback	8	static
../App/Src/Interaction.c:725:6:InteractionCH4Callback	8	static
../App/Src/Interaction.c:731:6:InteractionCH5Callback	8	static
../App/Src/Interaction.c:1009:13:UsedInThe10KHZISR	8	static
../App/Src/Interaction.c:1033:13:GenerateIRPattern	8	static
../App/Src/Interaction.c:1067:13:TriggerDataAcquisition	8	static
../App/Src/Interaction.c:1081:13:UsedInTheDMAISR	16	static
../App/Src/Interaction.c:1211:13:UsedInTheMainLoop	40	static
../App/Src/Interaction.c:1288:13:SpikeFilterInitialization	4	static
../App/Src/Interaction.c:1424:13:MovingAverageFilterInitialization	4	static
../App/Src/Interaction.c:1431:13:MovingAverageFilterMain	64	static
../App/Src/Interaction.c:1482:13:BaseLineInitialization	8	static
../App/Src/Interaction.c:1581:13:BaselineCalibrationMain	16	static
../App/Src/Interaction.c:1668:13:BaseLineTimer1KHZ	4	static
../App/Src/Interaction.c:1674:13:BaseLineDataReset	16	static
../App/Src/Interaction.c:1701:13:SensitivityInitialization	8	static
../App/Src/Interaction.c:1873:13:InteractionResultCalculationMain	152	static
../App/Src/Interaction.c:1976:13:EEPROMInitialization	4	static
../App/Src/Interaction.c:1983:13:EEPROMMainLoop	16	static
../App/Src/Interaction.c:2219:13:EEPROMDoneCallback	16	static
../App/Src/Interaction.c:2456:13:IDPatternInitialization	4	static
../App/Src/Interaction.c:2462:13:IDPatternMainLoop	16	static
../App/Src/Interaction.c:2500:13:IDPatternAddressUpdate	16	static
../App/Src/Interaction.c:2591:13:IDPatternTimer1KHZISR	16	static
../App/Src/Interaction.c:2625:13:IDPatternChannelISR	32	static
../App/Src/Interaction.c:2755:13:IDPatternResetChannel	16	static
