../App/Src/IrTsop.c:81:29:IrTsopMessageReceivedCallback	4	static
../App/Src/IrTsop.c:109:23:IrTsopGetLastReceivedMessage	4	static
../App/Src/IrTsop.c:114:17:IrTsopSendASCIIMessage2PC	24	static
../App/Src/IrTsop.c:167:6:IrTsopInit	8	static
../App/Src/IrTsop.c:200:6:IrTsopMainLoop	8	static
../App/Src/IrTsop.c:271:6:IrTsopTimer1KHZISR	4	static
../App/Src/IrTsop.c:278:6:IrTsopTimer10KHZISR	8	static
../App/Src/IrTsop.c:303:6:IrTsopCallback	8	static
../App/Src/IrTsop.c:398:13:IrRxInit	8	static
../App/Src/IrTsop.c:410:13:IrRxClearReceivedMessage	16	static
../App/Src/IrTsop.c:426:13:IrRxResetRxStructure	16	static
../App/Src/IrTsop.c:451:13:IrRxCollectPulses	8	static
../App/Src/IrTsop.c:525:13:IrRxMainLoop	16	static
../App/Src/IrTsop.c:552:13:IrRxDecodeReceivedMessage	16	static
../App/Src/IrTsop.c:662:13:IrLEDOff	4	static
../App/Src/IrTsop.c:681:13:IrLEDOn	4	static
../App/Src/IrTsop.c:700:13:IRTxResetTransmission	16	static
../App/Src/IrTsop.c:714:13:IrTxGetNextSymbor	8	static
