../App/Src/Wheel.c:84:6:WheelRobotStop	8	static
../App/Src/Wheel.c:91:22:WheelRobotGoPWM	24	static
../App/Src/Wheel.c:117:22:WheelRobotGoPWMTmo	16	static
../App/Src/Wheel.c:139:22:WheelRobotGoPWMTmoDist	56	static
../App/Src/Wheel.c:182:22:WheelRobotGoSpeed	24	static
../App/Src/Wheel.c:199:22:WheelRobotGoSpeedTmo	24	static
../App/Src/Wheel.c:219:22:WheelRobotGoSpeedTmoDist	32	static
../App/Src/Wheel.c:242:22:WheelRobotRotate	48	static
../App/Src/Wheel.c:309:22:WheelRobotRotateTmo	24	static
../App/Src/Wheel.c:337:22:WheelRightGo	16	static
../App/Src/Wheel.c:389:6:WheelRightStop	4	static
../App/Src/Wheel.c:406:22:WheelLeftGo	16	static
../App/Src/Wheel.c:458:6:WheelLeftStop	4	static
../App/Src/Wheel.c:474:22:WheelLefRighttGo	24	static
../App/Src/Wheel.c:511:28:WheelRobotCommandEndCallback	16	static
../App/Src/Wheel.c:523:28:WheelStallRightCallback	4	static
../App/Src/Wheel.c:533:28:WheelStallLeftCallback	4	static
../App/Src/Wheel.c:545:10:GetWheelSpeed	16	static
../App/Src/Wheel.c:553:20:GetWheelStallCondition	16	static
../App/Src/Wheel.c:561:25:GetWheelTurningDirection	16	static
../App/Src/Wheel.c:569:10:GetWheelForwardPulses	16	static
../App/Src/Wheel.c:577:10:GetWheelBackwardPulses	16	static
../App/Src/Wheel.c:593:6:WheelInit	8	static
../App/Src/Wheel.c:637:6:WheelMainLoop	8	static
../App/Src/Wheel.c:715:6:WheelTimer1KHZISR	8	static
../App/Src/Wheel.c:1064:13:EncoderTimer1KHZ	16	static
../App/Src/Wheel.c:1233:13:MotorTimer1KHZ	8	static
../App/Src/Wheel.c:1584:13:MotorPWMSpeedTracking	24	static
../App/Src/Wheel.c:1611:16:GetPWMSpeedStep	16	static
../App/Src/Wheel.c:1619:13:MotorMainLoop	8	static
../App/Src/Wheel.c:1666:16:MMSSpeedToPWM	32	static
